<?xml version="1.0"?>
<link_info>
   <banner>TI ARM Linker PC v15.12.1.LTS</banner>
   <copyright>Copyright (c) 1996-2015 Texas Instruments Incorporated</copyright>
   <link_time>0x5950934b</link_time>
   <link_errors>0x0</link_errors>
   <output_file>RM_57_I2C_Test.out</output_file>
   <entry_point>
      <name>_c_int00</name>
      <address>0x3fb4</address>
   </entry_point>
   <input_file_list>
      <input_file id="fl-2">
         <path>.\source\</path>
         <kind>object</kind>
         <file>HL_epc.obj</file>
         <name>HL_epc.obj</name>
      </input_file>
      <input_file id="fl-3">
         <path>.\source\</path>
         <kind>object</kind>
         <file>HL_errata.obj</file>
         <name>HL_errata.obj</name>
      </input_file>
      <input_file id="fl-4">
         <path>.\source\</path>
         <kind>object</kind>
         <file>HL_esm.obj</file>
         <name>HL_esm.obj</name>
      </input_file>
      <input_file id="fl-5">
         <path>.\source\</path>
         <kind>object</kind>
         <file>HL_gio.obj</file>
         <name>HL_gio.obj</name>
      </input_file>
      <input_file id="fl-6">
         <path>.\source\</path>
         <kind>object</kind>
         <file>HL_i2c.obj</file>
         <name>HL_i2c.obj</name>
      </input_file>
      <input_file id="fl-7">
         <path>.\source\</path>
         <kind>object</kind>
         <file>HL_nmpu.obj</file>
         <name>HL_nmpu.obj</name>
      </input_file>
      <input_file id="fl-8">
         <path>.\source\</path>
         <kind>object</kind>
         <file>HL_notification.obj</file>
         <name>HL_notification.obj</name>
      </input_file>
      <input_file id="fl-9">
         <path>.\source\</path>
         <kind>object</kind>
         <file>HL_pinmux.obj</file>
         <name>HL_pinmux.obj</name>
      </input_file>
      <input_file id="fl-a">
         <path>.\source\</path>
         <kind>object</kind>
         <file>HL_rti.obj</file>
         <name>HL_rti.obj</name>
      </input_file>
      <input_file id="fl-b">
         <path>.\source\</path>
         <kind>object</kind>
         <file>HL_sci.obj</file>
         <name>HL_sci.obj</name>
      </input_file>
      <input_file id="fl-c">
         <path>.\source\</path>
         <kind>object</kind>
         <file>HL_sys_core.obj</file>
         <name>HL_sys_core.obj</name>
      </input_file>
      <input_file id="fl-d">
         <path>.\source\</path>
         <kind>object</kind>
         <file>HL_sys_dma.obj</file>
         <name>HL_sys_dma.obj</name>
      </input_file>
      <input_file id="fl-e">
         <path>.\source\</path>
         <kind>object</kind>
         <file>HL_sys_intvecs.obj</file>
         <name>HL_sys_intvecs.obj</name>
      </input_file>
      <input_file id="fl-f">
         <path>.\source\</path>
         <kind>object</kind>
         <file>HL_sys_main.obj</file>
         <name>HL_sys_main.obj</name>
      </input_file>
      <input_file id="fl-10">
         <path>.\source\</path>
         <kind>object</kind>
         <file>HL_sys_mpu.obj</file>
         <name>HL_sys_mpu.obj</name>
      </input_file>
      <input_file id="fl-11">
         <path>.\source\</path>
         <kind>object</kind>
         <file>HL_sys_pcr.obj</file>
         <name>HL_sys_pcr.obj</name>
      </input_file>
      <input_file id="fl-12">
         <path>.\source\</path>
         <kind>object</kind>
         <file>HL_sys_phantom.obj</file>
         <name>HL_sys_phantom.obj</name>
      </input_file>
      <input_file id="fl-13">
         <path>.\source\</path>
         <kind>object</kind>
         <file>HL_sys_pmm.obj</file>
         <name>HL_sys_pmm.obj</name>
      </input_file>
      <input_file id="fl-14">
         <path>.\source\</path>
         <kind>object</kind>
         <file>HL_sys_pmu.obj</file>
         <name>HL_sys_pmu.obj</name>
      </input_file>
      <input_file id="fl-15">
         <path>.\source\</path>
         <kind>object</kind>
         <file>HL_sys_startup.obj</file>
         <name>HL_sys_startup.obj</name>
      </input_file>
      <input_file id="fl-16">
         <path>.\source\</path>
         <kind>object</kind>
         <file>HL_sys_vim.obj</file>
         <name>HL_sys_vim.obj</name>
      </input_file>
      <input_file id="fl-17">
         <path>.\source\</path>
         <kind>object</kind>
         <file>HL_system.obj</file>
         <name>HL_system.obj</name>
      </input_file>
      <input_file id="fl-d1">
         <path>C:\ti\ccsv6\tools\compiler\ti-cgt-arm_15.12.1.LTS\lib\</path>
         <kind>archive</kind>
         <file>rtsv7R4_A_le_v3D16_eabi.lib</file>
         <name>autoinit.obj</name>
      </input_file>
      <input_file id="fl-d2">
         <path>C:\ti\ccsv6\tools\compiler\ti-cgt-arm_15.12.1.LTS\lib\</path>
         <kind>archive</kind>
         <file>rtsv7R4_A_le_v3D16_eabi.lib</file>
         <name>copy_decompress_none.obj</name>
      </input_file>
      <input_file id="fl-d3">
         <path>C:\ti\ccsv6\tools\compiler\ti-cgt-arm_15.12.1.LTS\lib\</path>
         <kind>archive</kind>
         <file>rtsv7R4_A_le_v3D16_eabi.lib</file>
         <name>copy_decompress_rle.obj</name>
      </input_file>
      <input_file id="fl-d4">
         <path>C:\ti\ccsv6\tools\compiler\ti-cgt-arm_15.12.1.LTS\lib\</path>
         <kind>archive</kind>
         <file>rtsv7R4_A_le_v3D16_eabi.lib</file>
         <name>copy_zero_init.obj</name>
      </input_file>
      <input_file id="fl-d5">
         <path>C:\ti\ccsv6\tools\compiler\ti-cgt-arm_15.12.1.LTS\lib\</path>
         <kind>archive</kind>
         <file>rtsv7R4_A_le_v3D16_eabi.lib</file>
         <name>cpy_tbl.obj</name>
      </input_file>
      <input_file id="fl-d6">
         <path>C:\ti\ccsv6\tools\compiler\ti-cgt-arm_15.12.1.LTS\lib\</path>
         <kind>archive</kind>
         <file>rtsv7R4_A_le_v3D16_eabi.lib</file>
         <name>exit.obj</name>
      </input_file>
      <input_file id="fl-d7">
         <path>C:\ti\ccsv6\tools\compiler\ti-cgt-arm_15.12.1.LTS\lib\</path>
         <kind>archive</kind>
         <file>rtsv7R4_A_le_v3D16_eabi.lib</file>
         <name>memcpy32.obj</name>
      </input_file>
      <input_file id="fl-d8">
         <path>C:\ti\ccsv6\tools\compiler\ti-cgt-arm_15.12.1.LTS\lib\</path>
         <kind>archive</kind>
         <file>rtsv7R4_A_le_v3D16_eabi.lib</file>
         <name>memset32.obj</name>
      </input_file>
      <input_file id="fl-d9">
         <path>C:\ti\ccsv6\tools\compiler\ti-cgt-arm_15.12.1.LTS\lib\</path>
         <kind>archive</kind>
         <file>rtsv7R4_A_le_v3D16_eabi.lib</file>
         <name>startup.obj</name>
      </input_file>
      <input_file id="fl-da">
         <path>C:\ti\ccsv6\tools\compiler\ti-cgt-arm_15.12.1.LTS\lib\</path>
         <kind>archive</kind>
         <file>rtsv7R4_A_le_v3D16_eabi.lib</file>
         <name>_lock.obj</name>
      </input_file>
   </input_file_list>
   <object_component_list>
      <object_component id="oc-2d">
         <name>.intvecs</name>
         <load_address>0x0</load_address>
         <run_address>0x0</run_address>
         <size>0x20</size>
         <input_file_ref idref="fl-e"/>
      </object_component>
      <object_component id="oc-f2">
         <name>.text</name>
         <load_address>0x20</load_address>
         <run_address>0x20</run_address>
         <size>0xcdc</size>
         <input_file_ref idref="fl-6"/>
      </object_component>
      <object_component id="oc-cf">
         <name>.text</name>
         <load_address>0xcfc</load_address>
         <run_address>0xcfc</run_address>
         <size>0x9c8</size>
         <input_file_ref idref="fl-9"/>
      </object_component>
      <object_component id="oc-74">
         <name>.text</name>
         <load_address>0x16c4</load_address>
         <run_address>0x16c4</run_address>
         <size>0x978</size>
         <input_file_ref idref="fl-17"/>
      </object_component>
      <object_component id="oc-39">
         <name>.text</name>
         <load_address>0x203c</load_address>
         <run_address>0x203c</run_address>
         <size>0x938</size>
         <input_file_ref idref="fl-16"/>
      </object_component>
      <object_component id="oc-7a">
         <name>.text</name>
         <load_address>0x2974</load_address>
         <run_address>0x2974</run_address>
         <size>0x7c4</size>
         <input_file_ref idref="fl-4"/>
      </object_component>
      <object_component id="oc-69">
         <name>.text</name>
         <load_address>0x3138</load_address>
         <run_address>0x3138</run_address>
         <size>0x3b8</size>
         <input_file_ref idref="fl-c"/>
      </object_component>
      <object_component id="oc-80">
         <name>.text</name>
         <load_address>0x34f0</load_address>
         <run_address>0x34f0</run_address>
         <size>0x36c</size>
         <input_file_ref idref="fl-10"/>
      </object_component>
      <object_component id="oc-38">
         <name>.text:retain</name>
         <load_address>0x385c</load_address>
         <run_address>0x385c</run_address>
         <size>0x34c</size>
         <input_file_ref idref="fl-16"/>
      </object_component>
      <object_component id="oc-44">
         <name>.text</name>
         <load_address>0x3ba8</load_address>
         <run_address>0x3ba8</run_address>
         <size>0x180</size>
         <input_file_ref idref="fl-d7"/>
      </object_component>
      <object_component id="oc-24">
         <name>.text:retain</name>
         <load_address>0x3d28</load_address>
         <run_address>0x3d28</run_address>
         <size>0x178</size>
         <input_file_ref idref="fl-4"/>
      </object_component>
      <object_component id="oc-8b">
         <name>.text</name>
         <load_address>0x3ea0</load_address>
         <run_address>0x3ea0</run_address>
         <size>0x114</size>
         <input_file_ref idref="fl-f"/>
      </object_component>
      <object_component id="oc-1e">
         <name>.text:retain</name>
         <load_address>0x3fb4</load_address>
         <run_address>0x3fb4</run_address>
         <size>0xb8</size>
         <input_file_ref idref="fl-15"/>
      </object_component>
      <object_component id="oc-5d">
         <name>.text</name>
         <load_address>0x406c</load_address>
         <run_address>0x406c</run_address>
         <size>0xb0</size>
         <input_file_ref idref="fl-d8"/>
      </object_component>
      <object_component id="oc-85">
         <name>.text</name>
         <load_address>0x411c</load_address>
         <run_address>0x411c</run_address>
         <size>0xa8</size>
         <input_file_ref idref="fl-d1"/>
      </object_component>
      <object_component id="oc-6e">
         <name>.text</name>
         <load_address>0x41c4</load_address>
         <run_address>0x41c4</run_address>
         <size>0x9c</size>
         <input_file_ref idref="fl-8"/>
      </object_component>
      <object_component id="oc-50">
         <name>.text</name>
         <load_address>0x4260</load_address>
         <run_address>0x4260</run_address>
         <size>0x9c</size>
         <input_file_ref idref="fl-d3"/>
      </object_component>
      <object_component id="oc-91">
         <name>.text</name>
         <load_address>0x42fc</load_address>
         <run_address>0x42fc</run_address>
         <size>0x90</size>
         <input_file_ref idref="fl-d6"/>
      </object_component>
      <object_component id="oc-e4">
         <name>.text</name>
         <load_address>0x438c</load_address>
         <run_address>0x438c</run_address>
         <size>0x84</size>
         <input_file_ref idref="fl-d5"/>
      </object_component>
      <object_component id="oc-17a">
         <name>.text</name>
         <load_address>0x4410</load_address>
         <run_address>0x4410</run_address>
         <size>0x24</size>
         <input_file_ref idref="fl-da"/>
      </object_component>
      <object_component id="oc-c">
         <name>.text:decompress:none</name>
         <load_address>0x4434</load_address>
         <run_address>0x4434</run_address>
         <size>0x14</size>
         <input_file_ref idref="fl-d2"/>
      </object_component>
      <object_component id="oc-12">
         <name>.text:decompress:rle24</name>
         <load_address>0x4448</load_address>
         <run_address>0x4448</run_address>
         <size>0x8</size>
         <input_file_ref idref="fl-d3"/>
      </object_component>
      <object_component id="oc-32">
         <name>.text:retain</name>
         <load_address>0x4450</load_address>
         <run_address>0x4450</run_address>
         <size>0x4</size>
         <input_file_ref idref="fl-12"/>
      </object_component>
      <object_component id="oc-ea">
         <name>.text</name>
         <load_address>0x4454</load_address>
         <run_address>0x4454</run_address>
         <size>0x4</size>
         <input_file_ref idref="fl-d9"/>
      </object_component>
      <object_component id="oc-25">
         <name>.const:s_vim_init</name>
         <load_address>0x4460</load_address>
         <run_address>0x4460</run_address>
         <size>0x200</size>
         <input_file_ref idref="fl-16"/>
      </object_component>
      <object_component id="oc-1c5">
         <name>.cinit..data.load</name>
         <load_address>0x4660</load_address>
         <run_address>0x4660</run_address>
         <size>0x15</size>
      </object_component>
      <object_component id="oc-1c4">
         <name>.cinit..bss.load</name>
         <load_address>0x4678</load_address>
         <run_address>0x4678</run_address>
         <size>0x9</size>
      </object_component>
      <object_component id="oc-1c2">
         <name>__TI_handler_table</name>
         <load_address>0x4684</load_address>
         <run_address>0x4684</run_address>
         <size>0x8</size>
      </object_component>
      <object_component id="oc-1c3">
         <name>__TI_cinit_table</name>
         <load_address>0x468c</load_address>
         <run_address>0x468c</run_address>
         <size>0x10</size>
      </object_component>
      <object_component id="oc-171">
         <name>.bss:g_i2cTransfer_t</name>
         <uninitialized>true</uninitialized>
         <run_address>0x8001500</run_address>
         <size>0x18</size>
         <input_file_ref idref="fl-6"/>
      </object_component>
      <object_component id="oc-ff">
         <name>.data:$O1$$</name>
         <load_address>0x8001518</load_address>
         <run_address>0x8001518</run_address>
         <size>0xc</size>
         <input_file_ref idref="fl-d6"/>
      </object_component>
      <object_component id="oc-102">
         <name>.data:$O1$$</name>
         <load_address>0x8001524</load_address>
         <run_address>0x8001524</run_address>
         <size>0x8</size>
         <input_file_ref idref="fl-da"/>
      </object_component>
      <object_component id="oc-137">
         <name>.debug_info</name>
         <load_address>0x0</load_address>
         <run_address>0x0</run_address>
         <size>0x1d6</size>
         <input_file_ref idref="fl-2"/>
      </object_component>
      <object_component id="oc-d6">
         <name>.debug_info</name>
         <load_address>0x1d6</load_address>
         <run_address>0x1d6</run_address>
         <size>0x432</size>
         <input_file_ref idref="fl-2"/>
      </object_component>
      <object_component id="oc-9c">
         <name>.debug_info</name>
         <load_address>0x608</load_address>
         <run_address>0x608</run_address>
         <size>0x157</size>
         <input_file_ref idref="fl-2"/>
      </object_component>
      <object_component id="oc-132">
         <name>.debug_info</name>
         <load_address>0x75f</load_address>
         <run_address>0x75f</run_address>
         <size>0x8b</size>
         <input_file_ref idref="fl-2"/>
      </object_component>
      <object_component id="oc-a4">
         <name>.debug_info</name>
         <load_address>0x7ea</load_address>
         <run_address>0x7ea</run_address>
         <size>0x18c</size>
         <input_file_ref idref="fl-2"/>
      </object_component>
      <object_component id="oc-f9">
         <name>.debug_info</name>
         <load_address>0x976</load_address>
         <run_address>0x976</run_address>
         <size>0x18b</size>
         <input_file_ref idref="fl-2"/>
      </object_component>
      <object_component id="oc-a9">
         <name>.debug_info</name>
         <load_address>0xb01</load_address>
         <run_address>0xb01</run_address>
         <size>0x86</size>
         <input_file_ref idref="fl-2"/>
      </object_component>
      <object_component id="oc-10a">
         <name>.debug_info</name>
         <load_address>0xb87</load_address>
         <run_address>0xb87</run_address>
         <size>0x102</size>
         <input_file_ref idref="fl-2"/>
      </object_component>
      <object_component id="oc-144">
         <name>.debug_info</name>
         <load_address>0xc89</load_address>
         <run_address>0xc89</run_address>
         <size>0x142</size>
         <input_file_ref idref="fl-2"/>
      </object_component>
      <object_component id="oc-10f">
         <name>.debug_info</name>
         <load_address>0xdcb</load_address>
         <run_address>0xdcb</run_address>
         <size>0x285</size>
         <input_file_ref idref="fl-2"/>
      </object_component>
      <object_component id="oc-114">
         <name>.debug_info</name>
         <load_address>0x1050</load_address>
         <run_address>0x1050</run_address>
         <size>0x44a</size>
         <input_file_ref idref="fl-2"/>
      </object_component>
      <object_component id="oc-119">
         <name>.debug_info</name>
         <load_address>0x149a</load_address>
         <run_address>0x149a</run_address>
         <size>0x1f9</size>
         <input_file_ref idref="fl-2"/>
      </object_component>
      <object_component id="oc-11e">
         <name>.debug_info</name>
         <load_address>0x1693</load_address>
         <run_address>0x1693</run_address>
         <size>0x152</size>
         <input_file_ref idref="fl-2"/>
      </object_component>
      <object_component id="oc-123">
         <name>.debug_info</name>
         <load_address>0x17e5</load_address>
         <run_address>0x17e5</run_address>
         <size>0x70a</size>
         <input_file_ref idref="fl-2"/>
      </object_component>
      <object_component id="oc-128">
         <name>.debug_info</name>
         <load_address>0x1eef</load_address>
         <run_address>0x1eef</run_address>
         <size>0x36d</size>
         <input_file_ref idref="fl-2"/>
      </object_component>
      <object_component id="oc-e2">
         <name>.debug_info</name>
         <load_address>0x225c</load_address>
         <run_address>0x225c</run_address>
         <size>0x194</size>
         <input_file_ref idref="fl-4"/>
      </object_component>
      <object_component id="oc-7b">
         <name>.debug_info</name>
         <load_address>0x23f0</load_address>
         <run_address>0x23f0</run_address>
         <size>0x10c3</size>
         <input_file_ref idref="fl-4"/>
      </object_component>
      <object_component id="oc-28">
         <name>.debug_info</name>
         <load_address>0x34b3</load_address>
         <run_address>0x34b3</run_address>
         <size>0x1ab</size>
         <input_file_ref idref="fl-4"/>
      </object_component>
      <object_component id="oc-dd">
         <name>.debug_info</name>
         <load_address>0x365e</load_address>
         <run_address>0x365e</run_address>
         <size>0x168</size>
         <input_file_ref idref="fl-4"/>
      </object_component>
      <object_component id="oc-175">
         <name>.debug_info</name>
         <load_address>0x37c6</load_address>
         <run_address>0x37c6</run_address>
         <size>0x112</size>
         <input_file_ref idref="fl-6"/>
      </object_component>
      <object_component id="oc-172">
         <name>.debug_info</name>
         <load_address>0x38d8</load_address>
         <run_address>0x38d8</run_address>
         <size>0xe8</size>
         <input_file_ref idref="fl-6"/>
      </object_component>
      <object_component id="oc-f3">
         <name>.debug_info</name>
         <load_address>0x39c0</load_address>
         <run_address>0x39c0</run_address>
         <size>0x1174</size>
         <input_file_ref idref="fl-6"/>
      </object_component>
      <object_component id="oc-195">
         <name>.debug_info</name>
         <load_address>0x4b34</load_address>
         <run_address>0x4b34</run_address>
         <size>0x69</size>
         <input_file_ref idref="fl-6"/>
      </object_component>
      <object_component id="oc-149">
         <name>.debug_info</name>
         <load_address>0x4b9d</load_address>
         <run_address>0x4b9d</run_address>
         <size>0x26a</size>
         <input_file_ref idref="fl-6"/>
      </object_component>
      <object_component id="oc-19a">
         <name>.debug_info</name>
         <load_address>0x4e07</load_address>
         <run_address>0x4e07</run_address>
         <size>0x34f</size>
         <input_file_ref idref="fl-6"/>
      </object_component>
      <object_component id="oc-c9">
         <name>.debug_info</name>
         <load_address>0x5156</load_address>
         <run_address>0x5156</run_address>
         <size>0x207</size>
         <input_file_ref idref="fl-8"/>
      </object_component>
      <object_component id="oc-6f">
         <name>.debug_info</name>
         <load_address>0x535d</load_address>
         <run_address>0x535d</run_address>
         <size>0x7b9</size>
         <input_file_ref idref="fl-8"/>
      </object_component>
      <object_component id="oc-13a">
         <name>.debug_info</name>
         <load_address>0x5b16</load_address>
         <run_address>0x5b16</run_address>
         <size>0x306</size>
         <input_file_ref idref="fl-8"/>
      </object_component>
      <object_component id="oc-13f">
         <name>.debug_info</name>
         <load_address>0x5e1c</load_address>
         <run_address>0x5e1c</run_address>
         <size>0xadd</size>
         <input_file_ref idref="fl-8"/>
      </object_component>
      <object_component id="oc-ca">
         <name>.debug_info</name>
         <load_address>0x68f9</load_address>
         <run_address>0x68f9</run_address>
         <size>0x6eb</size>
         <input_file_ref idref="fl-8"/>
      </object_component>
      <object_component id="oc-14e">
         <name>.debug_info</name>
         <load_address>0x6fe4</load_address>
         <run_address>0x6fe4</run_address>
         <size>0x243</size>
         <input_file_ref idref="fl-8"/>
      </object_component>
      <object_component id="oc-189">
         <name>.debug_info</name>
         <load_address>0x7227</load_address>
         <run_address>0x7227</run_address>
         <size>0x109</size>
         <input_file_ref idref="fl-9"/>
      </object_component>
      <object_component id="oc-d0">
         <name>.debug_info</name>
         <load_address>0x7330</load_address>
         <run_address>0x7330</run_address>
         <size>0x11f</size>
         <input_file_ref idref="fl-9"/>
      </object_component>
      <object_component id="oc-15b">
         <name>.debug_info</name>
         <load_address>0x744f</load_address>
         <run_address>0x744f</run_address>
         <size>0x199</size>
         <input_file_ref idref="fl-9"/>
      </object_component>
      <object_component id="oc-6a">
         <name>.debug_info</name>
         <load_address>0x75e8</load_address>
         <run_address>0x75e8</run_address>
         <size>0x815</size>
         <input_file_ref idref="fl-c"/>
      </object_component>
      <object_component id="oc-2e">
         <name>.debug_info</name>
         <load_address>0x7dfd</load_address>
         <run_address>0x7dfd</run_address>
         <size>0x10b</size>
         <input_file_ref idref="fl-e"/>
      </object_component>
      <object_component id="oc-fe">
         <name>.debug_info</name>
         <load_address>0x7f08</load_address>
         <run_address>0x7f08</run_address>
         <size>0x260</size>
         <input_file_ref idref="fl-f"/>
      </object_component>
      <object_component id="oc-8c">
         <name>.debug_info</name>
         <load_address>0x8168</load_address>
         <run_address>0x8168</run_address>
         <size>0x35c</size>
         <input_file_ref idref="fl-f"/>
      </object_component>
      <object_component id="oc-81">
         <name>.debug_info</name>
         <load_address>0x84c4</load_address>
         <run_address>0x84c4</run_address>
         <size>0x442</size>
         <input_file_ref idref="fl-10"/>
      </object_component>
      <object_component id="oc-188">
         <name>.debug_info</name>
         <load_address>0x8906</load_address>
         <run_address>0x8906</run_address>
         <size>0x14a</size>
         <input_file_ref idref="fl-11"/>
      </object_component>
      <object_component id="oc-156">
         <name>.debug_info</name>
         <load_address>0x8a50</load_address>
         <run_address>0x8a50</run_address>
         <size>0x457</size>
         <input_file_ref idref="fl-11"/>
      </object_component>
      <object_component id="oc-33">
         <name>.debug_info</name>
         <load_address>0x8ea7</load_address>
         <run_address>0x8ea7</run_address>
         <size>0x140</size>
         <input_file_ref idref="fl-12"/>
      </object_component>
      <object_component id="oc-1f">
         <name>.debug_info</name>
         <load_address>0x8fe7</load_address>
         <run_address>0x8fe7</run_address>
         <size>0x29c</size>
         <input_file_ref idref="fl-15"/>
      </object_component>
      <object_component id="oc-9a">
         <name>.debug_info</name>
         <load_address>0x9283</load_address>
         <run_address>0x9283</run_address>
         <size>0x297</size>
         <input_file_ref idref="fl-16"/>
      </object_component>
      <object_component id="oc-26">
         <name>.debug_info</name>
         <load_address>0x951a</load_address>
         <run_address>0x951a</run_address>
         <size>0xe2</size>
         <input_file_ref idref="fl-16"/>
      </object_component>
      <object_component id="oc-3a">
         <name>.debug_info</name>
         <load_address>0x95fc</load_address>
         <run_address>0x95fc</run_address>
         <size>0x492</size>
         <input_file_ref idref="fl-16"/>
      </object_component>
      <object_component id="oc-3f">
         <name>.debug_info</name>
         <load_address>0x9a8e</load_address>
         <run_address>0x9a8e</run_address>
         <size>0x1fd</size>
         <input_file_ref idref="fl-16"/>
      </object_component>
      <object_component id="oc-12d">
         <name>.debug_info</name>
         <load_address>0x9c8b</load_address>
         <run_address>0x9c8b</run_address>
         <size>0x4f</size>
         <input_file_ref idref="fl-16"/>
      </object_component>
      <object_component id="oc-db">
         <name>.debug_info</name>
         <load_address>0x9cda</load_address>
         <run_address>0x9cda</run_address>
         <size>0x247</size>
         <input_file_ref idref="fl-17"/>
      </object_component>
      <object_component id="oc-75">
         <name>.debug_info</name>
         <load_address>0x9f21</load_address>
         <run_address>0x9f21</run_address>
         <size>0x592</size>
         <input_file_ref idref="fl-17"/>
      </object_component>
      <object_component id="oc-f1">
         <name>.debug_info</name>
         <load_address>0xa4b3</load_address>
         <run_address>0xa4b3</run_address>
         <size>0x2ba</size>
         <input_file_ref idref="fl-d1"/>
      </object_component>
      <object_component id="oc-88">
         <name>.debug_info</name>
         <load_address>0xa76d</load_address>
         <run_address>0xa76d</run_address>
         <size>0x161</size>
         <input_file_ref idref="fl-d1"/>
      </object_component>
      <object_component id="oc-b7">
         <name>.debug_info</name>
         <load_address>0xa8ce</load_address>
         <run_address>0xa8ce</run_address>
         <size>0x84</size>
         <input_file_ref idref="fl-d1"/>
      </object_component>
      <object_component id="oc-167">
         <name>.debug_info</name>
         <load_address>0xa952</load_address>
         <run_address>0xa952</run_address>
         <size>0x39</size>
         <input_file_ref idref="fl-d1"/>
      </object_component>
      <object_component id="oc-16c">
         <name>.debug_info</name>
         <load_address>0xa98b</load_address>
         <run_address>0xa98b</run_address>
         <size>0xcd</size>
         <input_file_ref idref="fl-d1"/>
      </object_component>
      <object_component id="oc-4f">
         <name>.debug_info</name>
         <load_address>0xaa58</load_address>
         <run_address>0xaa58</run_address>
         <size>0x10c</size>
         <input_file_ref idref="fl-d2"/>
      </object_component>
      <object_component id="oc-e">
         <name>.debug_info</name>
         <load_address>0xab64</load_address>
         <run_address>0xab64</run_address>
         <size>0x19b</size>
         <input_file_ref idref="fl-d2"/>
      </object_component>
      <object_component id="oc-4a">
         <name>.debug_info</name>
         <load_address>0xacff</load_address>
         <run_address>0xacff</run_address>
         <size>0x46</size>
         <input_file_ref idref="fl-d2"/>
      </object_component>
      <object_component id="oc-b0">
         <name>.debug_info</name>
         <load_address>0xad45</load_address>
         <run_address>0xad45</run_address>
         <size>0x2c</size>
         <input_file_ref idref="fl-d2"/>
      </object_component>
      <object_component id="oc-57">
         <name>.debug_info</name>
         <load_address>0xad71</load_address>
         <run_address>0xad71</run_address>
         <size>0x105</size>
         <input_file_ref idref="fl-d3"/>
      </object_component>
      <object_component id="oc-54">
         <name>.debug_info</name>
         <load_address>0xae76</load_address>
         <run_address>0xae76</run_address>
         <size>0x218</size>
         <input_file_ref idref="fl-d3"/>
      </object_component>
      <object_component id="oc-15">
         <name>.debug_info</name>
         <load_address>0xb08e</load_address>
         <run_address>0xb08e</run_address>
         <size>0x182</size>
         <input_file_ref idref="fl-d3"/>
      </object_component>
      <object_component id="oc-58">
         <name>.debug_info</name>
         <load_address>0xb210</load_address>
         <run_address>0xb210</run_address>
         <size>0x39</size>
         <input_file_ref idref="fl-d3"/>
      </object_component>
      <object_component id="oc-bf">
         <name>.debug_info</name>
         <load_address>0xb249</load_address>
         <run_address>0xb249</run_address>
         <size>0x2c</size>
         <input_file_ref idref="fl-d3"/>
      </object_component>
      <object_component id="oc-163">
         <name>.debug_info</name>
         <load_address>0xb275</load_address>
         <run_address>0xb275</run_address>
         <size>0x1b1</size>
         <input_file_ref idref="fl-d5"/>
      </object_component>
      <object_component id="oc-e6">
         <name>.debug_info</name>
         <load_address>0xb426</load_address>
         <run_address>0xb426</run_address>
         <size>0x154</size>
         <input_file_ref idref="fl-d5"/>
      </object_component>
      <object_component id="oc-18c">
         <name>.debug_info</name>
         <load_address>0xb57a</load_address>
         <run_address>0xb57a</run_address>
         <size>0x2c</size>
         <input_file_ref idref="fl-d5"/>
      </object_component>
      <object_component id="oc-106">
         <name>.debug_info</name>
         <load_address>0xb5a6</load_address>
         <run_address>0xb5a6</run_address>
         <size>0x205</size>
         <input_file_ref idref="fl-d6"/>
      </object_component>
      <object_component id="oc-100">
         <name>.debug_info</name>
         <load_address>0xb7ab</load_address>
         <run_address>0xb7ab</run_address>
         <size>0x156</size>
         <input_file_ref idref="fl-d6"/>
      </object_component>
      <object_component id="oc-93">
         <name>.debug_info</name>
         <load_address>0xb901</load_address>
         <run_address>0xb901</run_address>
         <size>0x1e5</size>
         <input_file_ref idref="fl-d6"/>
      </object_component>
      <object_component id="oc-45">
         <name>.debug_info</name>
         <load_address>0xbae6</load_address>
         <run_address>0xbae6</run_address>
         <size>0x14d</size>
         <input_file_ref idref="fl-d7"/>
      </object_component>
      <object_component id="oc-5f">
         <name>.debug_info</name>
         <load_address>0xbc33</load_address>
         <run_address>0xbc33</run_address>
         <size>0x115</size>
         <input_file_ref idref="fl-d8"/>
      </object_component>
      <object_component id="oc-ec">
         <name>.debug_info</name>
         <load_address>0xbd48</load_address>
         <run_address>0xbd48</run_address>
         <size>0x116</size>
         <input_file_ref idref="fl-d9"/>
      </object_component>
      <object_component id="oc-182">
         <name>.debug_info</name>
         <load_address>0xbe5e</load_address>
         <run_address>0xbe5e</run_address>
         <size>0xf5</size>
         <input_file_ref idref="fl-da"/>
      </object_component>
      <object_component id="oc-103">
         <name>.debug_info</name>
         <load_address>0xbf53</load_address>
         <run_address>0xbf53</run_address>
         <size>0xe4</size>
         <input_file_ref idref="fl-da"/>
      </object_component>
      <object_component id="oc-17c">
         <name>.debug_info</name>
         <load_address>0xc037</load_address>
         <run_address>0xc037</run_address>
         <size>0x1f0</size>
         <input_file_ref idref="fl-da"/>
      </object_component>
      <object_component id="oc-1c6">
         <name>.debug_info</name>
         <load_address>0xc227</load_address>
         <run_address>0xc227</run_address>
         <size>0xa4</size>
      </object_component>
      <object_component id="oc-187">
         <name>.debug_line</name>
         <load_address>0x0</load_address>
         <run_address>0x0</run_address>
         <size>0x20</size>
         <input_file_ref idref="fl-2"/>
      </object_component>
      <object_component id="oc-d9">
         <name>.debug_line</name>
         <load_address>0x20</load_address>
         <run_address>0x20</run_address>
         <size>0x66</size>
         <input_file_ref idref="fl-2"/>
      </object_component>
      <object_component id="oc-9f">
         <name>.debug_line</name>
         <load_address>0x86</load_address>
         <run_address>0x86</run_address>
         <size>0x6c</size>
         <input_file_ref idref="fl-2"/>
      </object_component>
      <object_component id="oc-135">
         <name>.debug_line</name>
         <load_address>0xf2</load_address>
         <run_address>0xf2</run_address>
         <size>0x20</size>
         <input_file_ref idref="fl-2"/>
      </object_component>
      <object_component id="oc-a7">
         <name>.debug_line</name>
         <load_address>0x112</load_address>
         <run_address>0x112</run_address>
         <size>0x67</size>
         <input_file_ref idref="fl-2"/>
      </object_component>
      <object_component id="oc-fc">
         <name>.debug_line</name>
         <load_address>0x179</load_address>
         <run_address>0x179</run_address>
         <size>0x66</size>
         <input_file_ref idref="fl-2"/>
      </object_component>
      <object_component id="oc-ac">
         <name>.debug_line</name>
         <load_address>0x1df</load_address>
         <run_address>0x1df</run_address>
         <size>0x6a</size>
         <input_file_ref idref="fl-2"/>
      </object_component>
      <object_component id="oc-10d">
         <name>.debug_line</name>
         <load_address>0x249</load_address>
         <run_address>0x249</run_address>
         <size>0x69</size>
         <input_file_ref idref="fl-2"/>
      </object_component>
      <object_component id="oc-147">
         <name>.debug_line</name>
         <load_address>0x2b2</load_address>
         <run_address>0x2b2</run_address>
         <size>0x67</size>
         <input_file_ref idref="fl-2"/>
      </object_component>
      <object_component id="oc-112">
         <name>.debug_line</name>
         <load_address>0x319</load_address>
         <run_address>0x319</run_address>
         <size>0x67</size>
         <input_file_ref idref="fl-2"/>
      </object_component>
      <object_component id="oc-117">
         <name>.debug_line</name>
         <load_address>0x380</load_address>
         <run_address>0x380</run_address>
         <size>0x69</size>
         <input_file_ref idref="fl-2"/>
      </object_component>
      <object_component id="oc-11c">
         <name>.debug_line</name>
         <load_address>0x3e9</load_address>
         <run_address>0x3e9</run_address>
         <size>0x67</size>
         <input_file_ref idref="fl-2"/>
      </object_component>
      <object_component id="oc-121">
         <name>.debug_line</name>
         <load_address>0x450</load_address>
         <run_address>0x450</run_address>
         <size>0x6a</size>
         <input_file_ref idref="fl-2"/>
      </object_component>
      <object_component id="oc-126">
         <name>.debug_line</name>
         <load_address>0x4ba</load_address>
         <run_address>0x4ba</run_address>
         <size>0x6a</size>
         <input_file_ref idref="fl-2"/>
      </object_component>
      <object_component id="oc-12b">
         <name>.debug_line</name>
         <load_address>0x524</load_address>
         <run_address>0x524</run_address>
         <size>0x67</size>
         <input_file_ref idref="fl-2"/>
      </object_component>
      <object_component id="oc-161">
         <name>.debug_line</name>
         <load_address>0x58b</load_address>
         <run_address>0x58b</run_address>
         <size>0x63</size>
         <input_file_ref idref="fl-4"/>
      </object_component>
      <object_component id="oc-7e">
         <name>.debug_line</name>
         <load_address>0x5ee</load_address>
         <run_address>0x5ee</run_address>
         <size>0x365</size>
         <input_file_ref idref="fl-4"/>
      </object_component>
      <object_component id="oc-2b">
         <name>.debug_line</name>
         <load_address>0x953</load_address>
         <run_address>0x953</run_address>
         <size>0x7c</size>
         <input_file_ref idref="fl-4"/>
      </object_component>
      <object_component id="oc-e0">
         <name>.debug_line</name>
         <load_address>0x9cf</load_address>
         <run_address>0x9cf</run_address>
         <size>0x63</size>
         <input_file_ref idref="fl-4"/>
      </object_component>
      <object_component id="oc-194">
         <name>.debug_line</name>
         <load_address>0xa32</load_address>
         <run_address>0xa32</run_address>
         <size>0x20</size>
         <input_file_ref idref="fl-6"/>
      </object_component>
      <object_component id="oc-192">
         <name>.debug_line</name>
         <load_address>0xa52</load_address>
         <run_address>0xa52</run_address>
         <size>0x36</size>
         <input_file_ref idref="fl-6"/>
      </object_component>
      <object_component id="oc-f6">
         <name>.debug_line</name>
         <load_address>0xa88</load_address>
         <run_address>0xa88</run_address>
         <size>0x3f7</size>
         <input_file_ref idref="fl-6"/>
      </object_component>
      <object_component id="oc-198">
         <name>.debug_line</name>
         <load_address>0xe7f</load_address>
         <run_address>0xe7f</run_address>
         <size>0x36</size>
         <input_file_ref idref="fl-6"/>
      </object_component>
      <object_component id="oc-14c">
         <name>.debug_line</name>
         <load_address>0xeb5</load_address>
         <run_address>0xeb5</run_address>
         <size>0x67</size>
         <input_file_ref idref="fl-6"/>
      </object_component>
      <object_component id="oc-19d">
         <name>.debug_line</name>
         <load_address>0xf1c</load_address>
         <run_address>0xf1c</run_address>
         <size>0x63</size>
         <input_file_ref idref="fl-6"/>
      </object_component>
      <object_component id="oc-139">
         <name>.debug_line</name>
         <load_address>0xf7f</load_address>
         <run_address>0xf7f</run_address>
         <size>0x20</size>
         <input_file_ref idref="fl-8"/>
      </object_component>
      <object_component id="oc-72">
         <name>.debug_line</name>
         <load_address>0xf9f</load_address>
         <run_address>0xf9f</run_address>
         <size>0x103</size>
         <input_file_ref idref="fl-8"/>
      </object_component>
      <object_component id="oc-13d">
         <name>.debug_line</name>
         <load_address>0x10a2</load_address>
         <run_address>0x10a2</run_address>
         <size>0x67</size>
         <input_file_ref idref="fl-8"/>
      </object_component>
      <object_component id="oc-142">
         <name>.debug_line</name>
         <load_address>0x1109</load_address>
         <run_address>0x1109</run_address>
         <size>0x67</size>
         <input_file_ref idref="fl-8"/>
      </object_component>
      <object_component id="oc-cd">
         <name>.debug_line</name>
         <load_address>0x1170</load_address>
         <run_address>0x1170</run_address>
         <size>0x67</size>
         <input_file_ref idref="fl-8"/>
      </object_component>
      <object_component id="oc-151">
         <name>.debug_line</name>
         <load_address>0x11d7</load_address>
         <run_address>0x11d7</run_address>
         <size>0x67</size>
         <input_file_ref idref="fl-8"/>
      </object_component>
      <object_component id="oc-1a5">
         <name>.debug_line</name>
         <load_address>0x123e</load_address>
         <run_address>0x123e</run_address>
         <size>0x20</size>
         <input_file_ref idref="fl-9"/>
      </object_component>
      <object_component id="oc-d3">
         <name>.debug_line</name>
         <load_address>0x125e</load_address>
         <run_address>0x125e</run_address>
         <size>0xdc</size>
         <input_file_ref idref="fl-9"/>
      </object_component>
      <object_component id="oc-15e">
         <name>.debug_line</name>
         <load_address>0x133a</load_address>
         <run_address>0x133a</run_address>
         <size>0x6a</size>
         <input_file_ref idref="fl-9"/>
      </object_component>
      <object_component id="oc-6d">
         <name>.debug_line</name>
         <load_address>0x13a4</load_address>
         <run_address>0x13a4</run_address>
         <size>0x2ef</size>
         <input_file_ref idref="fl-c"/>
      </object_component>
      <object_component id="oc-31">
         <name>.debug_line</name>
         <load_address>0x1693</load_address>
         <run_address>0x1693</run_address>
         <size>0x52</size>
         <input_file_ref idref="fl-e"/>
      </object_component>
      <object_component id="oc-177">
         <name>.debug_line</name>
         <load_address>0x16e5</load_address>
         <run_address>0x16e5</run_address>
         <size>0x63</size>
         <input_file_ref idref="fl-f"/>
      </object_component>
      <object_component id="oc-8f">
         <name>.debug_line</name>
         <load_address>0x1748</load_address>
         <run_address>0x1748</run_address>
         <size>0x8f</size>
         <input_file_ref idref="fl-f"/>
      </object_component>
      <object_component id="oc-84">
         <name>.debug_line</name>
         <load_address>0x17d7</load_address>
         <run_address>0x17d7</run_address>
         <size>0x1f3</size>
         <input_file_ref idref="fl-10"/>
      </object_component>
      <object_component id="oc-1a3">
         <name>.debug_line</name>
         <load_address>0x19ca</load_address>
         <run_address>0x19ca</run_address>
         <size>0x20</size>
         <input_file_ref idref="fl-11"/>
      </object_component>
      <object_component id="oc-159">
         <name>.debug_line</name>
         <load_address>0x19ea</load_address>
         <run_address>0x19ea</run_address>
         <size>0x67</size>
         <input_file_ref idref="fl-11"/>
      </object_component>
      <object_component id="oc-36">
         <name>.debug_line</name>
         <load_address>0x1a51</load_address>
         <run_address>0x1a51</run_address>
         <size>0x4e</size>
         <input_file_ref idref="fl-12"/>
      </object_component>
      <object_component id="oc-22">
         <name>.debug_line</name>
         <load_address>0x1a9f</load_address>
         <run_address>0x1a9f</run_address>
         <size>0x7c</size>
         <input_file_ref idref="fl-15"/>
      </object_component>
      <object_component id="oc-109">
         <name>.debug_line</name>
         <load_address>0x1b1b</load_address>
         <run_address>0x1b1b</run_address>
         <size>0xaa</size>
         <input_file_ref idref="fl-16"/>
      </object_component>
      <object_component id="oc-99">
         <name>.debug_line</name>
         <load_address>0x1bc5</load_address>
         <run_address>0x1bc5</run_address>
         <size>0x3a</size>
         <input_file_ref idref="fl-16"/>
      </object_component>
      <object_component id="oc-3d">
         <name>.debug_line</name>
         <load_address>0x1bff</load_address>
         <run_address>0x1bff</run_address>
         <size>0x1b2</size>
         <input_file_ref idref="fl-16"/>
      </object_component>
      <object_component id="oc-42">
         <name>.debug_line</name>
         <load_address>0x1db1</load_address>
         <run_address>0x1db1</run_address>
         <size>0xbc</size>
         <input_file_ref idref="fl-16"/>
      </object_component>
      <object_component id="oc-130">
         <name>.debug_line</name>
         <load_address>0x1e6d</load_address>
         <run_address>0x1e6d</run_address>
         <size>0x3a</size>
         <input_file_ref idref="fl-16"/>
      </object_component>
      <object_component id="oc-155">
         <name>.debug_line</name>
         <load_address>0x1ea7</load_address>
         <run_address>0x1ea7</run_address>
         <size>0xae</size>
         <input_file_ref idref="fl-17"/>
      </object_component>
      <object_component id="oc-78">
         <name>.debug_line</name>
         <load_address>0x1f55</load_address>
         <run_address>0x1f55</run_address>
         <size>0x22e</size>
         <input_file_ref idref="fl-17"/>
      </object_component>
      <object_component id="oc-166">
         <name>.debug_line</name>
         <load_address>0x2183</load_address>
         <run_address>0x2183</run_address>
         <size>0x7b</size>
         <input_file_ref idref="fl-d1"/>
      </object_component>
      <object_component id="oc-8a">
         <name>.debug_line</name>
         <load_address>0x21fe</load_address>
         <run_address>0x21fe</run_address>
         <size>0x95</size>
         <input_file_ref idref="fl-d1"/>
      </object_component>
      <object_component id="oc-ba">
         <name>.debug_line</name>
         <load_address>0x2293</load_address>
         <run_address>0x2293</run_address>
         <size>0x20</size>
         <input_file_ref idref="fl-d1"/>
      </object_component>
      <object_component id="oc-16a">
         <name>.debug_line</name>
         <load_address>0x22b3</load_address>
         <run_address>0x22b3</run_address>
         <size>0x2e</size>
         <input_file_ref idref="fl-d1"/>
      </object_component>
      <object_component id="oc-16f">
         <name>.debug_line</name>
         <load_address>0x22e1</load_address>
         <run_address>0x22e1</run_address>
         <size>0x5d</size>
         <input_file_ref idref="fl-d1"/>
      </object_component>
      <object_component id="oc-b6">
         <name>.debug_line</name>
         <load_address>0x233e</load_address>
         <run_address>0x233e</run_address>
         <size>0x5c</size>
         <input_file_ref idref="fl-d2"/>
      </object_component>
      <object_component id="oc-10">
         <name>.debug_line</name>
         <load_address>0x239a</load_address>
         <run_address>0x239a</run_address>
         <size>0x55</size>
         <input_file_ref idref="fl-d2"/>
      </object_component>
      <object_component id="oc-4d">
         <name>.debug_line</name>
         <load_address>0x23ef</load_address>
         <run_address>0x23ef</run_address>
         <size>0x3a</size>
         <input_file_ref idref="fl-d2"/>
      </object_component>
      <object_component id="oc-b3">
         <name>.debug_line</name>
         <load_address>0x2429</load_address>
         <run_address>0x2429</run_address>
         <size>0x5c</size>
         <input_file_ref idref="fl-d2"/>
      </object_component>
      <object_component id="oc-be">
         <name>.debug_line</name>
         <load_address>0x2485</load_address>
         <run_address>0x2485</run_address>
         <size>0x5c</size>
         <input_file_ref idref="fl-d3"/>
      </object_component>
      <object_component id="oc-52">
         <name>.debug_line</name>
         <load_address>0x24e1</load_address>
         <run_address>0x24e1</run_address>
         <size>0xa3</size>
         <input_file_ref idref="fl-d3"/>
      </object_component>
      <object_component id="oc-17">
         <name>.debug_line</name>
         <load_address>0x2584</load_address>
         <run_address>0x2584</run_address>
         <size>0x4b</size>
         <input_file_ref idref="fl-d3"/>
      </object_component>
      <object_component id="oc-5b">
         <name>.debug_line</name>
         <load_address>0x25cf</load_address>
         <run_address>0x25cf</run_address>
         <size>0x39</size>
         <input_file_ref idref="fl-d3"/>
      </object_component>
      <object_component id="oc-c2">
         <name>.debug_line</name>
         <load_address>0x2608</load_address>
         <run_address>0x2608</run_address>
         <size>0x5c</size>
         <input_file_ref idref="fl-d3"/>
      </object_component>
      <object_component id="oc-18b">
         <name>.debug_line</name>
         <load_address>0x2664</load_address>
         <run_address>0x2664</run_address>
         <size>0x6a</size>
         <input_file_ref idref="fl-d5"/>
      </object_component>
      <object_component id="oc-e5">
         <name>.debug_line</name>
         <load_address>0x26ce</load_address>
         <run_address>0x26ce</run_address>
         <size>0x78</size>
         <input_file_ref idref="fl-d5"/>
      </object_component>
      <object_component id="oc-18f">
         <name>.debug_line</name>
         <load_address>0x2746</load_address>
         <run_address>0x2746</run_address>
         <size>0x2e</size>
         <input_file_ref idref="fl-d5"/>
      </object_component>
      <object_component id="oc-185">
         <name>.debug_line</name>
         <load_address>0x2774</load_address>
         <run_address>0x2774</run_address>
         <size>0x96</size>
         <input_file_ref idref="fl-d6"/>
      </object_component>
      <object_component id="oc-179">
         <name>.debug_line</name>
         <load_address>0x280a</load_address>
         <run_address>0x280a</run_address>
         <size>0x2a</size>
         <input_file_ref idref="fl-d6"/>
      </object_component>
      <object_component id="oc-96">
         <name>.debug_line</name>
         <load_address>0x2834</load_address>
         <run_address>0x2834</run_address>
         <size>0x86</size>
         <input_file_ref idref="fl-d6"/>
      </object_component>
      <object_component id="oc-48">
         <name>.debug_line</name>
         <load_address>0x28ba</load_address>
         <run_address>0x28ba</run_address>
         <size>0x9a</size>
         <input_file_ref idref="fl-d7"/>
      </object_component>
      <object_component id="oc-61">
         <name>.debug_line</name>
         <load_address>0x2954</load_address>
         <run_address>0x2954</run_address>
         <size>0x73</size>
         <input_file_ref idref="fl-d8"/>
      </object_component>
      <object_component id="oc-ef">
         <name>.debug_line</name>
         <load_address>0x29c7</load_address>
         <run_address>0x29c7</run_address>
         <size>0x3c</size>
         <input_file_ref idref="fl-d9"/>
      </object_component>
      <object_component id="oc-1a1">
         <name>.debug_line</name>
         <load_address>0x2a03</load_address>
         <run_address>0x2a03</run_address>
         <size>0x20</size>
         <input_file_ref idref="fl-da"/>
      </object_component>
      <object_component id="oc-181">
         <name>.debug_line</name>
         <load_address>0x2a23</load_address>
         <run_address>0x2a23</run_address>
         <size>0x2b</size>
         <input_file_ref idref="fl-da"/>
      </object_component>
      <object_component id="oc-17b">
         <name>.debug_line</name>
         <load_address>0x2a4e</load_address>
         <run_address>0x2a4e</run_address>
         <size>0x64</size>
         <input_file_ref idref="fl-da"/>
      </object_component>
      <object_component id="oc-186">
         <name>.debug_abbrev</name>
         <load_address>0x0</load_address>
         <run_address>0x0</run_address>
         <size>0x4b</size>
         <input_file_ref idref="fl-2"/>
      </object_component>
      <object_component id="oc-d8">
         <name>.debug_abbrev</name>
         <load_address>0x4b</load_address>
         <run_address>0x4b</run_address>
         <size>0xba</size>
         <input_file_ref idref="fl-2"/>
      </object_component>
      <object_component id="oc-9e">
         <name>.debug_abbrev</name>
         <load_address>0x105</load_address>
         <run_address>0x105</run_address>
         <size>0x5a</size>
         <input_file_ref idref="fl-2"/>
      </object_component>
      <object_component id="oc-134">
         <name>.debug_abbrev</name>
         <load_address>0x15f</load_address>
         <run_address>0x15f</run_address>
         <size>0x1f</size>
         <input_file_ref idref="fl-2"/>
      </object_component>
      <object_component id="oc-a6">
         <name>.debug_abbrev</name>
         <load_address>0x17e</load_address>
         <run_address>0x17e</run_address>
         <size>0x7c</size>
         <input_file_ref idref="fl-2"/>
      </object_component>
      <object_component id="oc-fb">
         <name>.debug_abbrev</name>
         <load_address>0x1fa</load_address>
         <run_address>0x1fa</run_address>
         <size>0x35</size>
         <input_file_ref idref="fl-2"/>
      </object_component>
      <object_component id="oc-ab">
         <name>.debug_abbrev</name>
         <load_address>0x22f</load_address>
         <run_address>0x22f</run_address>
         <size>0x55</size>
         <input_file_ref idref="fl-2"/>
      </object_component>
      <object_component id="oc-10c">
         <name>.debug_abbrev</name>
         <load_address>0x284</load_address>
         <run_address>0x284</run_address>
         <size>0x4b</size>
         <input_file_ref idref="fl-2"/>
      </object_component>
      <object_component id="oc-146">
         <name>.debug_abbrev</name>
         <load_address>0x2cf</load_address>
         <run_address>0x2cf</run_address>
         <size>0x4b</size>
         <input_file_ref idref="fl-2"/>
      </object_component>
      <object_component id="oc-111">
         <name>.debug_abbrev</name>
         <load_address>0x31a</load_address>
         <run_address>0x31a</run_address>
         <size>0x4b</size>
         <input_file_ref idref="fl-2"/>
      </object_component>
      <object_component id="oc-116">
         <name>.debug_abbrev</name>
         <load_address>0x365</load_address>
         <run_address>0x365</run_address>
         <size>0x4b</size>
         <input_file_ref idref="fl-2"/>
      </object_component>
      <object_component id="oc-11b">
         <name>.debug_abbrev</name>
         <load_address>0x3b0</load_address>
         <run_address>0x3b0</run_address>
         <size>0x4b</size>
         <input_file_ref idref="fl-2"/>
      </object_component>
      <object_component id="oc-120">
         <name>.debug_abbrev</name>
         <load_address>0x3fb</load_address>
         <run_address>0x3fb</run_address>
         <size>0x4b</size>
         <input_file_ref idref="fl-2"/>
      </object_component>
      <object_component id="oc-125">
         <name>.debug_abbrev</name>
         <load_address>0x446</load_address>
         <run_address>0x446</run_address>
         <size>0x5c</size>
         <input_file_ref idref="fl-2"/>
      </object_component>
      <object_component id="oc-12a">
         <name>.debug_abbrev</name>
         <load_address>0x4a2</load_address>
         <run_address>0x4a2</run_address>
         <size>0x4b</size>
         <input_file_ref idref="fl-2"/>
      </object_component>
      <object_component id="oc-160">
         <name>.debug_abbrev</name>
         <load_address>0x4ed</load_address>
         <run_address>0x4ed</run_address>
         <size>0x6b</size>
         <input_file_ref idref="fl-4"/>
      </object_component>
      <object_component id="oc-dc">
         <name>.debug_abbrev</name>
         <load_address>0x558</load_address>
         <run_address>0x558</run_address>
         <size>0xc8</size>
         <input_file_ref idref="fl-4"/>
      </object_component>
      <object_component id="oc-9b">
         <name>.debug_abbrev</name>
         <load_address>0x620</load_address>
         <run_address>0x620</run_address>
         <size>0x6f</size>
         <input_file_ref idref="fl-4"/>
      </object_component>
      <object_component id="oc-df">
         <name>.debug_abbrev</name>
         <load_address>0x68f</load_address>
         <run_address>0x68f</run_address>
         <size>0x6b</size>
         <input_file_ref idref="fl-4"/>
      </object_component>
      <object_component id="oc-193">
         <name>.debug_abbrev</name>
         <load_address>0x6fa</load_address>
         <run_address>0x6fa</run_address>
         <size>0x47</size>
         <input_file_ref idref="fl-6"/>
      </object_component>
      <object_component id="oc-191">
         <name>.debug_abbrev</name>
         <load_address>0x741</load_address>
         <run_address>0x741</run_address>
         <size>0x27</size>
         <input_file_ref idref="fl-6"/>
      </object_component>
      <object_component id="oc-174">
         <name>.debug_abbrev</name>
         <load_address>0x768</load_address>
         <run_address>0x768</run_address>
         <size>0xf5</size>
         <input_file_ref idref="fl-6"/>
      </object_component>
      <object_component id="oc-197">
         <name>.debug_abbrev</name>
         <load_address>0x85d</load_address>
         <run_address>0x85d</run_address>
         <size>0x3a</size>
         <input_file_ref idref="fl-6"/>
      </object_component>
      <object_component id="oc-14b">
         <name>.debug_abbrev</name>
         <load_address>0x897</load_address>
         <run_address>0x897</run_address>
         <size>0x4b</size>
         <input_file_ref idref="fl-6"/>
      </object_component>
      <object_component id="oc-19c">
         <name>.debug_abbrev</name>
         <load_address>0x8e2</load_address>
         <run_address>0x8e2</run_address>
         <size>0x7a</size>
         <input_file_ref idref="fl-6"/>
      </object_component>
      <object_component id="oc-138">
         <name>.debug_abbrev</name>
         <load_address>0x95c</load_address>
         <run_address>0x95c</run_address>
         <size>0x44</size>
         <input_file_ref idref="fl-8"/>
      </object_component>
      <object_component id="oc-c8">
         <name>.debug_abbrev</name>
         <load_address>0x9a0</load_address>
         <run_address>0x9a0</run_address>
         <size>0x6c</size>
         <input_file_ref idref="fl-8"/>
      </object_component>
      <object_component id="oc-13c">
         <name>.debug_abbrev</name>
         <load_address>0xa0c</load_address>
         <run_address>0xa0c</run_address>
         <size>0x5a</size>
         <input_file_ref idref="fl-8"/>
      </object_component>
      <object_component id="oc-141">
         <name>.debug_abbrev</name>
         <load_address>0xa66</load_address>
         <run_address>0xa66</run_address>
         <size>0x7f</size>
         <input_file_ref idref="fl-8"/>
      </object_component>
      <object_component id="oc-cc">
         <name>.debug_abbrev</name>
         <load_address>0xae5</load_address>
         <run_address>0xae5</run_address>
         <size>0x6b</size>
         <input_file_ref idref="fl-8"/>
      </object_component>
      <object_component id="oc-150">
         <name>.debug_abbrev</name>
         <load_address>0xb50</load_address>
         <run_address>0xb50</run_address>
         <size>0x4b</size>
         <input_file_ref idref="fl-8"/>
      </object_component>
      <object_component id="oc-1a4">
         <name>.debug_abbrev</name>
         <load_address>0xb9b</load_address>
         <run_address>0xb9b</run_address>
         <size>0x3b</size>
         <input_file_ref idref="fl-9"/>
      </object_component>
      <object_component id="oc-153">
         <name>.debug_abbrev</name>
         <load_address>0xbd6</load_address>
         <run_address>0xbd6</run_address>
         <size>0x50</size>
         <input_file_ref idref="fl-9"/>
      </object_component>
      <object_component id="oc-15d">
         <name>.debug_abbrev</name>
         <load_address>0xc26</load_address>
         <run_address>0xc26</run_address>
         <size>0x4b</size>
         <input_file_ref idref="fl-9"/>
      </object_component>
      <object_component id="oc-c7">
         <name>.debug_abbrev</name>
         <load_address>0xc71</load_address>
         <run_address>0xc71</run_address>
         <size>0x44</size>
         <input_file_ref idref="fl-c"/>
      </object_component>
      <object_component id="oc-a1">
         <name>.debug_abbrev</name>
         <load_address>0xcb5</load_address>
         <run_address>0xcb5</run_address>
         <size>0x38</size>
         <input_file_ref idref="fl-e"/>
      </object_component>
      <object_component id="oc-176">
         <name>.debug_abbrev</name>
         <load_address>0xced</load_address>
         <run_address>0xced</run_address>
         <size>0x73</size>
         <input_file_ref idref="fl-f"/>
      </object_component>
      <object_component id="oc-f8">
         <name>.debug_abbrev</name>
         <load_address>0xd60</load_address>
         <run_address>0xd60</run_address>
         <size>0xa9</size>
         <input_file_ref idref="fl-f"/>
      </object_component>
      <object_component id="oc-e3">
         <name>.debug_abbrev</name>
         <load_address>0xe09</load_address>
         <run_address>0xe09</run_address>
         <size>0x36</size>
         <input_file_ref idref="fl-10"/>
      </object_component>
      <object_component id="oc-1a2">
         <name>.debug_abbrev</name>
         <load_address>0xe3f</load_address>
         <run_address>0xe3f</run_address>
         <size>0x44</size>
         <input_file_ref idref="fl-11"/>
      </object_component>
      <object_component id="oc-158">
         <name>.debug_abbrev</name>
         <load_address>0xe83</load_address>
         <run_address>0xe83</run_address>
         <size>0x5a</size>
         <input_file_ref idref="fl-11"/>
      </object_component>
      <object_component id="oc-a2">
         <name>.debug_abbrev</name>
         <load_address>0xedd</load_address>
         <run_address>0xedd</run_address>
         <size>0x53</size>
         <input_file_ref idref="fl-12"/>
      </object_component>
      <object_component id="oc-97">
         <name>.debug_abbrev</name>
         <load_address>0xf30</load_address>
         <run_address>0xf30</run_address>
         <size>0x55</size>
         <input_file_ref idref="fl-15"/>
      </object_component>
      <object_component id="oc-108">
         <name>.debug_abbrev</name>
         <load_address>0xf85</load_address>
         <run_address>0xf85</run_address>
         <size>0xa0</size>
         <input_file_ref idref="fl-16"/>
      </object_component>
      <object_component id="oc-98">
         <name>.debug_abbrev</name>
         <load_address>0x1025</load_address>
         <run_address>0x1025</run_address>
         <size>0x27</size>
         <input_file_ref idref="fl-16"/>
      </object_component>
      <object_component id="oc-a3">
         <name>.debug_abbrev</name>
         <load_address>0x104c</load_address>
         <run_address>0x104c</run_address>
         <size>0xa4</size>
         <input_file_ref idref="fl-16"/>
      </object_component>
      <object_component id="oc-ae">
         <name>.debug_abbrev</name>
         <load_address>0x10f0</load_address>
         <run_address>0x10f0</run_address>
         <size>0x6f</size>
         <input_file_ref idref="fl-16"/>
      </object_component>
      <object_component id="oc-12f">
         <name>.debug_abbrev</name>
         <load_address>0x115f</load_address>
         <run_address>0x115f</run_address>
         <size>0x4b</size>
         <input_file_ref idref="fl-16"/>
      </object_component>
      <object_component id="oc-154">
         <name>.debug_abbrev</name>
         <load_address>0x11aa</load_address>
         <run_address>0x11aa</run_address>
         <size>0x6c</size>
         <input_file_ref idref="fl-17"/>
      </object_component>
      <object_component id="oc-d5">
         <name>.debug_abbrev</name>
         <load_address>0x1216</load_address>
         <run_address>0x1216</run_address>
         <size>0x103</size>
         <input_file_ref idref="fl-17"/>
      </object_component>
      <object_component id="oc-165">
         <name>.debug_abbrev</name>
         <load_address>0x1319</load_address>
         <run_address>0x1319</run_address>
         <size>0xae</size>
         <input_file_ref idref="fl-d1"/>
      </object_component>
      <object_component id="oc-f0">
         <name>.debug_abbrev</name>
         <load_address>0x13c7</load_address>
         <run_address>0x13c7</run_address>
         <size>0x7e</size>
         <input_file_ref idref="fl-d1"/>
      </object_component>
      <object_component id="oc-b9">
         <name>.debug_abbrev</name>
         <load_address>0x1445</load_address>
         <run_address>0x1445</run_address>
         <size>0x1f</size>
         <input_file_ref idref="fl-d1"/>
      </object_component>
      <object_component id="oc-169">
         <name>.debug_abbrev</name>
         <load_address>0x1464</load_address>
         <run_address>0x1464</run_address>
         <size>0x24</size>
         <input_file_ref idref="fl-d1"/>
      </object_component>
      <object_component id="oc-16e">
         <name>.debug_abbrev</name>
         <load_address>0x1488</load_address>
         <run_address>0x1488</run_address>
         <size>0x4b</size>
         <input_file_ref idref="fl-d1"/>
      </object_component>
      <object_component id="oc-b5">
         <name>.debug_abbrev</name>
         <load_address>0x14d3</load_address>
         <run_address>0x14d3</run_address>
         <size>0x52</size>
         <input_file_ref idref="fl-d2"/>
      </object_component>
      <object_component id="oc-49">
         <name>.debug_abbrev</name>
         <load_address>0x1525</load_address>
         <run_address>0x1525</run_address>
         <size>0x74</size>
         <input_file_ref idref="fl-d2"/>
      </object_component>
      <object_component id="oc-4c">
         <name>.debug_abbrev</name>
         <load_address>0x1599</load_address>
         <run_address>0x1599</run_address>
         <size>0x24</size>
         <input_file_ref idref="fl-d2"/>
      </object_component>
      <object_component id="oc-b2">
         <name>.debug_abbrev</name>
         <load_address>0x15bd</load_address>
         <run_address>0x15bd</run_address>
         <size>0x24</size>
         <input_file_ref idref="fl-d2"/>
      </object_component>
      <object_component id="oc-bd">
         <name>.debug_abbrev</name>
         <load_address>0x15e1</load_address>
         <run_address>0x15e1</run_address>
         <size>0x52</size>
         <input_file_ref idref="fl-d3"/>
      </object_component>
      <object_component id="oc-bc">
         <name>.debug_abbrev</name>
         <load_address>0x1633</load_address>
         <run_address>0x1633</run_address>
         <size>0x7b</size>
         <input_file_ref idref="fl-d3"/>
      </object_component>
      <object_component id="oc-56">
         <name>.debug_abbrev</name>
         <load_address>0x16ae</load_address>
         <run_address>0x16ae</run_address>
         <size>0x66</size>
         <input_file_ref idref="fl-d3"/>
      </object_component>
      <object_component id="oc-5a">
         <name>.debug_abbrev</name>
         <load_address>0x1714</load_address>
         <run_address>0x1714</run_address>
         <size>0x24</size>
         <input_file_ref idref="fl-d3"/>
      </object_component>
      <object_component id="oc-c1">
         <name>.debug_abbrev</name>
         <load_address>0x1738</load_address>
         <run_address>0x1738</run_address>
         <size>0x24</size>
         <input_file_ref idref="fl-d3"/>
      </object_component>
      <object_component id="oc-18a">
         <name>.debug_abbrev</name>
         <load_address>0x175c</load_address>
         <run_address>0x175c</run_address>
         <size>0x9c</size>
         <input_file_ref idref="fl-d5"/>
      </object_component>
      <object_component id="oc-162">
         <name>.debug_abbrev</name>
         <load_address>0x17f8</load_address>
         <run_address>0x17f8</run_address>
         <size>0x8c</size>
         <input_file_ref idref="fl-d5"/>
      </object_component>
      <object_component id="oc-18e">
         <name>.debug_abbrev</name>
         <load_address>0x1884</load_address>
         <run_address>0x1884</run_address>
         <size>0x24</size>
         <input_file_ref idref="fl-d5"/>
      </object_component>
      <object_component id="oc-184">
         <name>.debug_abbrev</name>
         <load_address>0x18a8</load_address>
         <run_address>0x18a8</run_address>
         <size>0xa8</size>
         <input_file_ref idref="fl-d6"/>
      </object_component>
      <object_component id="oc-178">
         <name>.debug_abbrev</name>
         <load_address>0x1950</load_address>
         <run_address>0x1950</run_address>
         <size>0x29</size>
         <input_file_ref idref="fl-d6"/>
      </object_component>
      <object_component id="oc-105">
         <name>.debug_abbrev</name>
         <load_address>0x1979</load_address>
         <run_address>0x1979</run_address>
         <size>0xba</size>
         <input_file_ref idref="fl-d6"/>
      </object_component>
      <object_component id="oc-af">
         <name>.debug_abbrev</name>
         <load_address>0x1a33</load_address>
         <run_address>0x1a33</run_address>
         <size>0x4c</size>
         <input_file_ref idref="fl-d7"/>
      </object_component>
      <object_component id="oc-c4">
         <name>.debug_abbrev</name>
         <load_address>0x1a7f</load_address>
         <run_address>0x1a7f</run_address>
         <size>0x51</size>
         <input_file_ref idref="fl-d8"/>
      </object_component>
      <object_component id="oc-164">
         <name>.debug_abbrev</name>
         <load_address>0x1ad0</load_address>
         <run_address>0x1ad0</run_address>
         <size>0x53</size>
         <input_file_ref idref="fl-d9"/>
      </object_component>
      <object_component id="oc-1a0">
         <name>.debug_abbrev</name>
         <load_address>0x1b23</load_address>
         <run_address>0x1b23</run_address>
         <size>0x45</size>
         <input_file_ref idref="fl-da"/>
      </object_component>
      <object_component id="oc-180">
         <name>.debug_abbrev</name>
         <load_address>0x1b68</load_address>
         <run_address>0x1b68</run_address>
         <size>0x29</size>
         <input_file_ref idref="fl-da"/>
      </object_component>
      <object_component id="oc-19f">
         <name>.debug_abbrev</name>
         <load_address>0x1b91</load_address>
         <run_address>0x1b91</run_address>
         <size>0x6f</size>
         <input_file_ref idref="fl-da"/>
      </object_component>
      <object_component id="oc-1c7">
         <name>.debug_abbrev</name>
         <load_address>0x1c00</load_address>
         <run_address>0x1c00</run_address>
         <size>0xf</size>
      </object_component>
      <object_component id="oc-da">
         <name>.debug_str</name>
         <load_address>0x0</load_address>
         <run_address>0x0</run_address>
         <size>0x46e</size>
         <input_file_ref idref="fl-2"/>
      </object_component>
      <object_component id="oc-a0">
         <name>.debug_str</name>
         <load_address>0x46e</load_address>
         <run_address>0x46e</run_address>
         <size>0x1aa</size>
         <input_file_ref idref="fl-2"/>
      </object_component>
      <object_component id="oc-136">
         <name>.debug_str</name>
         <load_address>0x618</load_address>
         <run_address>0x618</run_address>
         <size>0xfb</size>
         <input_file_ref idref="fl-2"/>
      </object_component>
      <object_component id="oc-a8">
         <name>.debug_str</name>
         <load_address>0x713</load_address>
         <run_address>0x713</run_address>
         <size>0x22e</size>
         <input_file_ref idref="fl-2"/>
      </object_component>
      <object_component id="oc-fd">
         <name>.debug_str</name>
         <load_address>0x941</load_address>
         <run_address>0x941</run_address>
         <size>0x21c</size>
         <input_file_ref idref="fl-2"/>
      </object_component>
      <object_component id="oc-ad">
         <name>.debug_str</name>
         <load_address>0xb5d</load_address>
         <run_address>0xb5d</run_address>
         <size>0x158</size>
         <input_file_ref idref="fl-2"/>
      </object_component>
      <object_component id="oc-10e">
         <name>.debug_str</name>
         <load_address>0xcb5</load_address>
         <run_address>0xcb5</run_address>
         <size>0x148</size>
         <input_file_ref idref="fl-2"/>
      </object_component>
      <object_component id="oc-148">
         <name>.debug_str</name>
         <load_address>0xdfd</load_address>
         <run_address>0xdfd</run_address>
         <size>0x167</size>
         <input_file_ref idref="fl-2"/>
      </object_component>
      <object_component id="oc-113">
         <name>.debug_str</name>
         <load_address>0xf64</load_address>
         <run_address>0xf64</run_address>
         <size>0x198</size>
         <input_file_ref idref="fl-2"/>
      </object_component>
      <object_component id="oc-118">
         <name>.debug_str</name>
         <load_address>0x10fc</load_address>
         <run_address>0x10fc</run_address>
         <size>0x2b9</size>
         <input_file_ref idref="fl-2"/>
      </object_component>
      <object_component id="oc-11d">
         <name>.debug_str</name>
         <load_address>0x13b5</load_address>
         <run_address>0x13b5</run_address>
         <size>0x16c</size>
         <input_file_ref idref="fl-2"/>
      </object_component>
      <object_component id="oc-122">
         <name>.debug_str</name>
         <load_address>0x1521</load_address>
         <run_address>0x1521</run_address>
         <size>0x18f</size>
         <input_file_ref idref="fl-2"/>
      </object_component>
      <object_component id="oc-127">
         <name>.debug_str</name>
         <load_address>0x16b0</load_address>
         <run_address>0x16b0</run_address>
         <size>0x369</size>
         <input_file_ref idref="fl-2"/>
      </object_component>
      <object_component id="oc-12c">
         <name>.debug_str</name>
         <load_address>0x1a19</load_address>
         <run_address>0x1a19</run_address>
         <size>0x26d</size>
         <input_file_ref idref="fl-2"/>
      </object_component>
      <object_component id="oc-e1">
         <name>.debug_str</name>
         <load_address>0x1c86</load_address>
         <run_address>0x1c86</run_address>
         <size>0x1f8</size>
         <input_file_ref idref="fl-4"/>
      </object_component>
      <object_component id="oc-199">
         <name>.debug_str</name>
         <load_address>0x1e7e</load_address>
         <run_address>0x1e7e</run_address>
         <size>0xc7</size>
         <input_file_ref idref="fl-6"/>
      </object_component>
      <object_component id="oc-14d">
         <name>.debug_str</name>
         <load_address>0x1f45</load_address>
         <run_address>0x1f45</run_address>
         <size>0x16b</size>
         <input_file_ref idref="fl-6"/>
      </object_component>
      <object_component id="oc-19e">
         <name>.debug_str</name>
         <load_address>0x20b0</load_address>
         <run_address>0x20b0</run_address>
         <size>0x3d0</size>
         <input_file_ref idref="fl-6"/>
      </object_component>
      <object_component id="oc-13e">
         <name>.debug_str</name>
         <load_address>0x2480</load_address>
         <run_address>0x2480</run_address>
         <size>0x1ee</size>
         <input_file_ref idref="fl-8"/>
      </object_component>
      <object_component id="oc-143">
         <name>.debug_str</name>
         <load_address>0x266e</load_address>
         <run_address>0x266e</run_address>
         <size>0x4d3</size>
         <input_file_ref idref="fl-8"/>
      </object_component>
      <object_component id="oc-ce">
         <name>.debug_str</name>
         <load_address>0x2b41</load_address>
         <run_address>0x2b41</run_address>
         <size>0x78e</size>
         <input_file_ref idref="fl-8"/>
      </object_component>
      <object_component id="oc-152">
         <name>.debug_str</name>
         <load_address>0x32cf</load_address>
         <run_address>0x32cf</run_address>
         <size>0x187</size>
         <input_file_ref idref="fl-8"/>
      </object_component>
      <object_component id="oc-15f">
         <name>.debug_str</name>
         <load_address>0x3456</load_address>
         <run_address>0x3456</run_address>
         <size>0x1be</size>
         <input_file_ref idref="fl-9"/>
      </object_component>
      <object_component id="oc-15a">
         <name>.debug_str</name>
         <load_address>0x3614</load_address>
         <run_address>0x3614</run_address>
         <size>0x2f9</size>
         <input_file_ref idref="fl-11"/>
      </object_component>
      <object_component id="oc-131">
         <name>.debug_str</name>
         <load_address>0x390d</load_address>
         <run_address>0x390d</run_address>
         <size>0xc0</size>
         <input_file_ref idref="fl-16"/>
      </object_component>
      <object_component id="oc-bb">
         <name>.debug_str</name>
         <load_address>0x39cd</load_address>
         <run_address>0x39cd</run_address>
         <size>0xfb</size>
         <input_file_ref idref="fl-d1"/>
      </object_component>
      <object_component id="oc-16b">
         <name>.debug_str</name>
         <load_address>0x3ac8</load_address>
         <run_address>0x3ac8</run_address>
         <size>0xb3</size>
         <input_file_ref idref="fl-d1"/>
      </object_component>
      <object_component id="oc-170">
         <name>.debug_str</name>
         <load_address>0x3b7b</load_address>
         <run_address>0x3b7b</run_address>
         <size>0x127</size>
         <input_file_ref idref="fl-d1"/>
      </object_component>
      <object_component id="oc-4e">
         <name>.debug_str</name>
         <load_address>0x3ca2</load_address>
         <run_address>0x3ca2</run_address>
         <size>0xd1</size>
         <input_file_ref idref="fl-d2"/>
      </object_component>
[...]
      </symbol>
      <symbol id="sm-16f">
         <name>i2cSetSlaveAdd</name>
         <value>0x22c</value>
         <object_component_ref idref="oc-f2"/>
      </symbol>
      <symbol id="sm-170">
         <name>i2cReceive</name>
         <value>0x5ec</value>
         <object_component_ref idref="oc-f2"/>
      </symbol>
      <symbol id="sm-171">
         <name>i2cRxError</name>
         <value>0x55c</value>
         <object_component_ref idref="oc-f2"/>
      </symbol>
      <symbol id="sm-172">
         <name>i2cIsRxReady</name>
         <value>0x524</value>
         <object_component_ref idref="oc-f2"/>
      </symbol>
      <symbol id="sm-173">
         <name>i2cIsBusBusy</name>
         <value>0xc28</value>
         <object_component_ref idref="oc-f2"/>
      </symbol>
      <symbol id="sm-174">
         <name>i2cSendByte</name>
         <value>0x3c8</value>
         <object_component_ref idref="oc-f2"/>
      </symbol>
      <symbol id="sm-175">
         <name>i2cEnableLoopback</name>
         <value>0x6c4</value>
         <object_component_ref idref="oc-f2"/>
      </symbol>
      <symbol id="sm-176">
         <name>i2cSetBaudrate</name>
         <value>0x24c</value>
         <object_component_ref idref="oc-f2"/>
      </symbol>
      <symbol id="sm-177">
         <name>i2cSetStart</name>
         <value>0x34c</value>
         <object_component_ref idref="oc-f2"/>
      </symbol>
      <symbol id="sm-178">
         <name>i2cSend</name>
         <value>0x3f8</value>
         <object_component_ref idref="oc-f2"/>
      </symbol>
      <symbol id="sm-179">
         <name>i2c1GetConfigValue</name>
         <value>0x820</value>
         <object_component_ref idref="oc-f2"/>
      </symbol>
      <symbol id="sm-17a">
         <name>i2c2GetConfigValue</name>
         <value>0x9e8</value>
         <object_component_ref idref="oc-f2"/>
      </symbol>
      <symbol id="sm-17b">
         <name>i2cSetStop</name>
         <value>0x36c</value>
         <object_component_ref idref="oc-f2"/>
      </symbol>
      <symbol id="sm-17c">
         <name>i2cClearSCD</name>
         <value>0x58c</value>
         <object_component_ref idref="oc-f2"/>
      </symbol>
      <symbol id="sm-17d">
         <name>i2cIsTxReady</name>
         <value>0x3ac</value>
         <object_component_ref idref="oc-f2"/>
      </symbol>
      <symbol id="sm-17e">
         <name>i2cReceiveByte</name>
         <value>0x5a8</value>
         <object_component_ref idref="oc-f2"/>
      </symbol>
      <symbol id="sm-17f">
         <name>i2cEnableNotification</name>
         <value>0x704</value>
         <object_component_ref idref="oc-f2"/>
      </symbol>
      <symbol id="sm-180">
         <name>i2cSetOwnAdd</name>
         <value>0x20c</value>
         <object_component_ref idref="oc-f2"/>
      </symbol>
      <symbol id="sm-1ab">
         <name>sciNotification</name>
         <value>0x4238</value>
         <object_component_ref idref="oc-6e"/>
      </symbol>
      <symbol id="sm-1ac">
         <name>rtiNotification</name>
         <value>0x4210</value>
         <object_component_ref idref="oc-6e"/>
      </symbol>
      <symbol id="sm-1ad">
         <name>epcFIFOFullNotification</name>
         <value>0x4250</value>
         <object_component_ref idref="oc-6e"/>
      </symbol>
      <symbol id="sm-1ae">
         <name>esmGroup2Notification</name>
         <value>0x41d8</value>
         <object_component_ref idref="oc-6e"/>
      </symbol>
      <symbol id="sm-1af">
         <name>epcCAMFullNotification</name>
         <value>0x424c</value>
         <object_component_ref idref="oc-6e"/>
      </symbol>
      <symbol id="sm-1b0">
         <name>esmGroup1Notification</name>
         <value>0x41c4</value>
         <object_component_ref idref="oc-6e"/>
      </symbol>
      <symbol id="sm-1b1">
         <name>esmGroup3Notification</name>
         <value>0x41ec</value>
         <object_component_ref idref="oc-6e"/>
      </symbol>
      <symbol id="sm-1b2">
         <name>i2cNotification</name>
         <value>0x4224</value>
         <object_component_ref idref="oc-6e"/>
      </symbol>
      <symbol id="sm-1b3">
         <name>dmaGroupANotification</name>
         <value>0x41fc</value>
         <object_component_ref idref="oc-6e"/>
      </symbol>
      <symbol id="sm-223">
         <name>muxInit</name>
         <value>0xcfc</value>
         <object_component_ref idref="oc-cf"/>
      </symbol>
      <symbol id="sm-251">
         <name>_iCacheInvalidate_</name>
         <value>0x34d4</value>
         <object_component_ref idref="oc-69"/>
      </symbol>
      <symbol id="sm-252">
         <name>_disable_IRQ_interrupt_</name>
         <value>0x3370</value>
         <object_component_ref idref="oc-69"/>
      </symbol>
      <symbol id="sm-253">
         <name>_coreGetInstructionFaultAddress_</name>
         <value>0x3334</value>
         <object_component_ref idref="oc-69"/>
      </symbol>
      <symbol id="sm-254">
         <name>_coreGetDataFault_</name>
         <value>0x32f8</value>
         <object_component_ref idref="oc-69"/>
      </symbol>
      <symbol id="sm-255">
         <name>_coreDisableEventBusExport_</name>
         <value>0x32d8</value>
         <object_component_ref idref="oc-69"/>
      </symbol>
      <symbol id="sm-256">
         <name>_coreClearDataFaultAddress_</name>
         <value>0x3328</value>
         <object_component_ref idref="oc-69"/>
      </symbol>
      <symbol id="sm-257">
         <name>__TI_PINIT_Base</name>
         <value>0x34e8</value>
         <object_component_ref idref="oc-69"/>
      </symbol>
      <symbol id="sm-258">
         <name>_coreInitRegisters_</name>
         <value>0x3138</value>
         <object_component_ref idref="oc-69"/>
      </symbol>
      <symbol id="sm-259">
         <name>_coreClearInstructionFaultAddress_</name>
         <value>0x333c</value>
         <object_component_ref idref="oc-69"/>
      </symbol>
      <symbol id="sm-25a">
         <name>_coreClearDataFault_</name>
         <value>0x3300</value>
         <object_component_ref idref="oc-69"/>
      </symbol>
      <symbol id="sm-25b">
         <name>_coreGetAuxiliaryDataFault_</name>
         <value>0x3348</value>
         <object_component_ref idref="oc-69"/>
      </symbol>
      <symbol id="sm-25c">
         <name>_enable_interrupt_</name>
         <value>0x3380</value>
         <object_component_ref idref="oc-69"/>
      </symbol>
      <symbol id="sm-25d">
         <name>_coreClearAuxiliaryInstructionFault_</name>
         <value>0x3364</value>
         <object_component_ref idref="oc-69"/>
      </symbol>
      <symbol id="sm-25e">
         <name>_memInit_</name>
         <value>0x3410</value>
         <object_component_ref idref="oc-69"/>
      </symbol>
      <symbol id="sm-25f">
         <name>_dCacheInvalidate_</name>
         <value>0x34c0</value>
         <object_component_ref idref="oc-69"/>
      </symbol>
      <symbol id="sm-260">
         <name>_coreGetDataFaultAddress_</name>
         <value>0x3320</value>
         <object_component_ref idref="oc-69"/>
      </symbol>
      <symbol id="sm-261">
         <name>_coreClearInstructionFault_</name>
         <value>0x3314</value>
         <object_component_ref idref="oc-69"/>
      </symbol>
      <symbol id="sm-262">
         <name>_getCPSRValue_</name>
         <value>0x3290</value>
         <object_component_ref idref="oc-69"/>
      </symbol>
      <symbol id="sm-263">
         <name>_cacheDisable_</name>
         <value>0x349c</value>
         <object_component_ref idref="oc-69"/>
      </symbol>
      <symbol id="sm-264">
         <name>_enable_IRQ_interrupt_</name>
         <value>0x3378</value>
         <object_component_ref idref="oc-69"/>
      </symbol>
      <symbol id="sm-265">
         <name>__TI_PINIT_Limit</name>
         <value>0x34ec</value>
         <object_component_ref idref="oc-69"/>
      </symbol>
      <symbol id="sm-266">
         <name>_coreGetAuxiliaryInstructionFault_</name>
         <value>0x335c</value>
         <object_component_ref idref="oc-69"/>
      </symbol>
      <symbol id="sm-267">
         <name>_coreInitStackPointer_</name>
         <value>0x3244</value>
         <object_component_ref idref="oc-69"/>
      </symbol>
      <symbol id="sm-268">
         <name>_esmCcmErrorsClear_</name>
         <value>0x3388</value>
         <object_component_ref idref="oc-69"/>
      </symbol>
      <symbol id="sm-269">
         <name>_gotoCPUIdle_</name>
         <value>0x3298</value>
         <object_component_ref idref="oc-69"/>
      </symbol>
      <symbol id="sm-26a">
         <name>_coreEnableIrqVicOffset_</name>
         <value>0x32e8</value>
         <object_component_ref idref="oc-69"/>
      </symbol>
      <symbol id="sm-26b">
         <name>_coreGetInstructionFault_</name>
         <value>0x330c</value>
         <object_component_ref idref="oc-69"/>
      </symbol>
      <symbol id="sm-26c">
         <name>_cacheEnable_</name>
         <value>0x3464</value>
         <object_component_ref idref="oc-69"/>
      </symbol>
      <symbol id="sm-26d">
         <name>_coreEnableVfp_</name>
         <value>0x32b0</value>
         <object_component_ref idref="oc-69"/>
      </symbol>
      <symbol id="sm-26e">
         <name>_coreClearAuxiliaryDataFault_</name>
         <value>0x3350</value>
         <object_component_ref idref="oc-69"/>
      </symbol>
      <symbol id="sm-26f">
         <name>_coreEnableEventBusExport_</name>
         <value>0x32c8</value>
         <object_component_ref idref="oc-69"/>
      </symbol>
      <symbol id="sm-270">
         <name>_checkMemInitOn_</name>
         <value>0x3444</value>
         <object_component_ref idref="oc-69"/>
      </symbol>
      <symbol id="sm-27e">
         <name>resetEntry</name>
         <value>0x0</value>
         <object_component_ref idref="oc-2d"/>
      </symbol>
      <symbol id="sm-291">
         <name>readReg</name>
         <value>0x3ea0</value>
         <object_component_ref idref="oc-8b"/>
      </symbol>
      <symbol id="sm-292">
         <name>main</name>
         <value>0x3f54</value>
         <object_component_ref idref="oc-8b"/>
      </symbol>
      <symbol id="sm-2ad">
         <name>_mpuSetRegionBaseAddress_</name>
         <value>0x3820</value>
         <object_component_ref idref="oc-80"/>
      </symbol>
      <symbol id="sm-2ae">
         <name>_mpuInit_</name>
         <value>0x34f0</value>
         <object_component_ref idref="oc-80"/>
      </symbol>
      <symbol id="sm-2af">
         <name>_mpuSetRegionSizeRegister_</name>
         <value>0x3854</value>
         <object_component_ref idref="oc-80"/>
      </symbol>
      <symbol id="sm-2b0">
         <name>_mpuDisableBackgroundRegion_</name>
         <value>0x37e8</value>
         <object_component_ref idref="oc-80"/>
      </symbol>
      <symbol id="sm-2b1">
         <name>_mpuSetRegionTypeAndPermission_</name>
         <value>0x3830</value>
         <object_component_ref idref="oc-80"/>
      </symbol>
      <symbol id="sm-2b2">
         <name>_mpuGetRegionPermission_</name>
         <value>0x3848</value>
         <object_component_ref idref="oc-80"/>
      </symbol>
      <symbol id="sm-2b3">
         <name>_mpuEnable_</name>
         <value>0x37a8</value>
         <object_component_ref idref="oc-80"/>
      </symbol>
      <symbol id="sm-2b4">
         <name>_mpuGetNumberOfRegions_</name>
         <value>0x37f8</value>
         <object_component_ref idref="oc-80"/>
      </symbol>
      <symbol id="sm-2b5">
         <name>_mpuAreRegionsSeparate_</name>
         <value>0x3804</value>
         <object_component_ref idref="oc-80"/>
      </symbol>
      <symbol id="sm-2b6">
         <name>_mpuEnableBackgroundRegion_</name>
         <value>0x37d8</value>
         <object_component_ref idref="oc-80"/>
      </symbol>
      <symbol id="sm-2b7">
         <name>_mpuGetRegionType_</name>
         <value>0x383c</value>
         <object_component_ref idref="oc-80"/>
      </symbol>
      <symbol id="sm-2b8">
         <name>_mpuDisable_</name>
         <value>0x37c0</value>
         <object_component_ref idref="oc-80"/>
      </symbol>
      <symbol id="sm-2b9">
         <name>_mpuGetRegionBaseAddress_</name>
         <value>0x3828</value>
         <object_component_ref idref="oc-80"/>
      </symbol>
      <symbol id="sm-2ba">
         <name>_mpuSetRegion_</name>
         <value>0x3810</value>
         <object_component_ref idref="oc-80"/>
      </symbol>
      <symbol id="sm-2bb">
         <name>_mpuGetRegion_</name>
         <value>0x3818</value>
         <object_component_ref idref="oc-80"/>
      </symbol>
      <symbol id="sm-2ce">
         <name>phantomInterrupt</name>
         <value>0x4450</value>
         <object_component_ref idref="oc-32"/>
      </symbol>
      <symbol id="sm-2e2">
         <name>_c_int00</name>
         <value>0x3fb4</value>
         <object_component_ref idref="oc-1e"/>
      </symbol>
      <symbol id="sm-384">
         <name>vimChannelMap</name>
         <value>0x2110</value>
         <object_component_ref idref="oc-39"/>
      </symbol>
      <symbol id="sm-385">
         <name>vimInit</name>
         <value>0x203c</value>
         <object_component_ref idref="oc-39"/>
      </symbol>
      <symbol id="sm-386">
         <name>vimEnableInterrupt</name>
         <value>0x21b4</value>
         <object_component_ref idref="oc-39"/>
      </symbol>
      <symbol id="sm-387">
         <name>vimDisableInterrupt</name>
         <value>0x237c</value>
         <object_component_ref idref="oc-39"/>
      </symbol>
      <symbol id="sm-388">
         <name>vimGetConfigValue</name>
         <value>0x2428</value>
         <object_component_ref idref="oc-39"/>
      </symbol>
      <symbol id="sm-389">
         <name>vimECCErrorHandler</name>
         <value>0x385c</value>
         <object_component_ref idref="oc-38"/>
      </symbol>
      <symbol id="sm-3d6">
         <name>systemGetConfigValue</name>
         <value>0x1b7c</value>
         <object_component_ref idref="oc-74"/>
      </symbol>
      <symbol id="sm-3d7">
         <name>trimLPO</name>
         <value>0x1724</value>
         <object_component_ref idref="oc-74"/>
      </symbol>
      <symbol id="sm-3d8">
         <name>systemInit</name>
         <value>0x198c</value>
         <object_component_ref idref="oc-74"/>
      </symbol>
      <symbol id="sm-3d9">
         <name>periphInit</name>
         <value>0x17ac</value>
         <object_component_ref idref="oc-74"/>
      </symbol>
      <symbol id="sm-3da">
         <name>setupFlash</name>
         <value>0x176c</value>
         <object_component_ref idref="oc-74"/>
      </symbol>
      <symbol id="sm-3db">
         <name>setupPLL</name>
         <value>0x16c4</value>
         <object_component_ref idref="oc-74"/>
      </symbol>
      <symbol id="sm-3dc">
         <name>getResetSource</name>
         <value>0x1a30</value>
         <object_component_ref idref="oc-74"/>
      </symbol>
      <symbol id="sm-3dd">
         <name>mapClocks</name>
         <value>0x1860</value>
         <object_component_ref idref="oc-74"/>
      </symbol>
      <symbol id="sm-3de">
         <name>systemPowerDown</name>
         <value>0x1a00</value>
         <object_component_ref idref="oc-74"/>
      </symbol>
      <symbol id="sm-407">
         <name>__TI_auto_init</name>
         <value>0x411c</value>
         <object_component_ref idref="oc-85"/>
      </symbol>
      <symbol id="sm-41e">
         <name>__TI_decompress_none</name>
         <value>0x4434</value>
         <object_component_ref idref="oc-c"/>
      </symbol>
      <symbol id="sm-444">
         <name>__TI_decompress_rle24</name>
         <value>0x4448</value>
         <object_component_ref idref="oc-12"/>
      </symbol>
      <symbol id="sm-45f">
         <name>copy_in</name>
         <value>0x438c</value>
         <object_component_ref idref="oc-e4"/>
      </symbol>
      <symbol id="sm-480">
         <name>C$$EXIT</name>
         <value>0x42fc</value>
         <object_component_ref idref="oc-91"/>
      </symbol>
      <symbol id="sm-481">
         <name>abort</name>
         <value>0x4304</value>
         <object_component_ref idref="oc-91"/>
      </symbol>
      <symbol id="sm-482">
         <name>exit</name>
         <value>0x4310</value>
         <object_component_ref idref="oc-91"/>
      </symbol>
      <symbol id="sm-483">
         <name>__TI_dtors_ptr</name>
         <value>0x800151c</value>
         <object_component_ref idref="oc-ff"/>
      </symbol>
      <symbol id="sm-484">
         <name>__TI_cleanup_ptr</name>
         <value>0x8001518</value>
         <object_component_ref idref="oc-ff"/>
      </symbol>
      <symbol id="sm-485">
         <name>__TI_enable_exit_profile_output</name>
         <value>0x8001520</value>
         <object_component_ref idref="oc-ff"/>
      </symbol>
      <symbol id="sm-49e">
         <name>memcpy</name>
         <value>0x3ba8</value>
         <object_component_ref idref="oc-44"/>
      </symbol>
      <symbol id="sm-49f">
         <name>__aeabi_memcpy</name>
         <value>0x3ba8</value>
         <object_component_ref idref="oc-44"/>
      </symbol>
      <symbol id="sm-4a0">
         <name>__aeabi_memcpy8</name>
         <value>0x3ba8</value>
         <object_component_ref idref="oc-44"/>
      </symbol>
      <symbol id="sm-4a1">
         <name>__aeabi_memcpy4</name>
         <value>0x3ba8</value>
         <object_component_ref idref="oc-44"/>
      </symbol>
      <symbol id="sm-4b0">
         <name>__aeabi_memset</name>
         <value>0x4070</value>
         <object_component_ref idref="oc-5d"/>
      </symbol>
      <symbol id="sm-4b1">
         <name>memset</name>
         <value>0x407c</value>
         <object_component_ref idref="oc-5d"/>
      </symbol>
      <symbol id="sm-4b2">
         <name>__aeabi_memset8</name>
         <value>0x4070</value>
         <object_component_ref idref="oc-5d"/>
      </symbol>
      <symbol id="sm-4b3">
         <name>__aeabi_memset4</name>
         <value>0x4070</value>
         <object_component_ref idref="oc-5d"/>
      </symbol>
      <symbol id="sm-4b4">
         <name>__aeabi_memclr8</name>
         <value>0x406c</value>
         <object_component_ref idref="oc-5d"/>
      </symbol>
      <symbol id="sm-4b5">
         <name>__aeabi_memclr4</name>
         <value>0x406c</value>
         <object_component_ref idref="oc-5d"/>
      </symbol>
      <symbol id="sm-4b6">
         <name>__aeabi_memclr</name>
         <value>0x406c</value>
         <object_component_ref idref="oc-5d"/>
      </symbol>
      <symbol id="sm-4c0">
         <name>_system_post_cinit</name>
         <value>0x4454</value>
         <object_component_ref idref="oc-ea"/>
      </symbol>
      <symbol id="sm-4da">
         <name>_nop</name>
         <value>0x4428</value>
         <object_component_ref idref="oc-17a"/>
      </symbol>
      <symbol id="sm-4db">
         <name>_lock</name>
         <value>0x8001524</value>
         <object_component_ref idref="oc-102"/>
      </symbol>
      <symbol id="sm-4dc">
         <name>_unlock</name>
         <value>0x8001528</value>
         <object_component_ref idref="oc-102"/>
      </symbol>
      <symbol id="sm-4dd">
         <name>_register_lock</name>
         <value>0x441c</value>
         <object_component_ref idref="oc-17a"/>
      </symbol>
      <symbol id="sm-4de">
         <name>_register_unlock</name>
         <value>0x4410</value>
         <object_component_ref idref="oc-17a"/>
      </symbol>
      <symbol id="sm-4df">
         <name>__TI_static_base__</name>
         <value>0x0</value>
      </symbol>
      <symbol id="sm-4e2">
         <name>SHT$$INIT_ARRAY$$Base</name>
         <value>0x0</value>
      </symbol>
      <symbol id="sm-4e3">
         <name>SHT$$INIT_ARRAY$$Limit</name>
         <value>0x0</value>
      </symbol>
   </symbol_table>
   <title>Link successful</title>
</link_info>
