<?xml version="1.0"?>
<link_info>
   <banner>TI ARM Linker PC v15.12.1.LTS</banner>
   <copyright>Copyright (c) 1996-2015 Texas Instruments Incorporated</copyright>
   <link_time>0x594f4351</link_time>
   <link_errors>0x0</link_errors>
   <output_file>RM_57_I2C_Test.out</output_file>
   <entry_point>
      <name>_c_int00</name>
      <address>0x212c</address>
   </entry_point>
   <input_file_list>
      <input_file id="fl-2">
         <path>.\source\</path>
         <kind>object</kind>
         <file>HL_epc.obj</file>
         <name>HL_epc.obj</name>
      </input_file>
      <input_file id="fl-3">
         <path>.\source\</path>
         <kind>object</kind>
         <file>HL_errata.obj</file>
         <name>HL_errata.obj</name>
      </input_file>
      <input_file id="fl-4">
         <path>.\source\</path>
         <kind>object</kind>
         <file>HL_esm.obj</file>
         <name>HL_esm.obj</name>
      </input_file>
      <input_file id="fl-5">
         <path>.\source\</path>
         <kind>object</kind>
         <file>HL_gio.obj</file>
         <name>HL_gio.obj</name>
      </input_file>
      <input_file id="fl-6">
         <path>.\source\</path>
         <kind>object</kind>
         <file>HL_i2c.obj</file>
         <name>HL_i2c.obj</name>
      </input_file>
      <input_file id="fl-7">
         <path>.\source\</path>
         <kind>object</kind>
         <file>HL_nmpu.obj</file>
         <name>HL_nmpu.obj</name>
      </input_file>
      <input_file id="fl-8">
         <path>.\source\</path>
         <kind>object</kind>
         <file>HL_notification.obj</file>
         <name>HL_notification.obj</name>
      </input_file>
      <input_file id="fl-9">
         <path>.\source\</path>
         <kind>object</kind>
         <file>HL_pinmux.obj</file>
         <name>HL_pinmux.obj</name>
      </input_file>
      <input_file id="fl-a">
         <path>.\source\</path>
         <kind>object</kind>
         <file>HL_rti.obj</file>
         <name>HL_rti.obj</name>
      </input_file>
      <input_file id="fl-b">
         <path>.\source\</path>
         <kind>object</kind>
         <file>HL_sci.obj</file>
         <name>HL_sci.obj</name>
      </input_file>
      <input_file id="fl-c">
         <path>.\source\</path>
         <kind>object</kind>
         <file>HL_sys_core.obj</file>
         <name>HL_sys_core.obj</name>
      </input_file>
      <input_file id="fl-d">
         <path>.\source\</path>
         <kind>object</kind>
         <file>HL_sys_dma.obj</file>
         <name>HL_sys_dma.obj</name>
      </input_file>
      <input_file id="fl-e">
         <path>.\source\</path>
         <kind>object</kind>
         <file>HL_sys_intvecs.obj</file>
         <name>HL_sys_intvecs.obj</name>
      </input_file>
      <input_file id="fl-f">
         <path>.\source\</path>
         <kind>object</kind>
         <file>HL_sys_main.obj</file>
         <name>HL_sys_main.obj</name>
      </input_file>
      <input_file id="fl-10">
         <path>.\source\</path>
         <kind>object</kind>
         <file>HL_sys_mpu.obj</file>
         <name>HL_sys_mpu.obj</name>
      </input_file>
      <input_file id="fl-11">
         <path>.\source\</path>
         <kind>object</kind>
         <file>HL_sys_pcr.obj</file>
         <name>HL_sys_pcr.obj</name>
      </input_file>
      <input_file id="fl-12">
         <path>.\source\</path>
         <kind>object</kind>
         <file>HL_sys_phantom.obj</file>
         <name>HL_sys_phantom.obj</name>
      </input_file>
      <input_file id="fl-13">
         <path>.\source\</path>
         <kind>object</kind>
         <file>HL_sys_pmm.obj</file>
         <name>HL_sys_pmm.obj</name>
      </input_file>
      <input_file id="fl-14">
         <path>.\source\</path>
         <kind>object</kind>
         <file>HL_sys_pmu.obj</file>
         <name>HL_sys_pmu.obj</name>
      </input_file>
      <input_file id="fl-15">
         <path>.\source\</path>
         <kind>object</kind>
         <file>HL_sys_startup.obj</file>
         <name>HL_sys_startup.obj</name>
      </input_file>
      <input_file id="fl-16">
         <path>.\source\</path>
         <kind>object</kind>
         <file>HL_sys_vim.obj</file>
         <name>HL_sys_vim.obj</name>
      </input_file>
      <input_file id="fl-17">
         <path>.\source\</path>
         <kind>object</kind>
         <file>HL_system.obj</file>
         <name>HL_system.obj</name>
      </input_file>
      <input_file id="fl-d1">
         <path>C:\ti\ccsv6\tools\compiler\ti-cgt-arm_15.12.1.LTS\lib\</path>
         <kind>archive</kind>
         <file>rtsv7R4_A_le_v3D16_eabi.lib</file>
         <name>autoinit.obj</name>
      </input_file>
      <input_file id="fl-d2">
         <path>C:\ti\ccsv6\tools\compiler\ti-cgt-arm_15.12.1.LTS\lib\</path>
         <kind>archive</kind>
         <file>rtsv7R4_A_le_v3D16_eabi.lib</file>
         <name>copy_decompress_none.obj</name>
      </input_file>
      <input_file id="fl-d3">
         <path>C:\ti\ccsv6\tools\compiler\ti-cgt-arm_15.12.1.LTS\lib\</path>
         <kind>archive</kind>
         <file>rtsv7R4_A_le_v3D16_eabi.lib</file>
         <name>copy_decompress_rle.obj</name>
      </input_file>
      <input_file id="fl-d4">
         <path>C:\ti\ccsv6\tools\compiler\ti-cgt-arm_15.12.1.LTS\lib\</path>
         <kind>archive</kind>
         <file>rtsv7R4_A_le_v3D16_eabi.lib</file>
         <name>copy_zero_init.obj</name>
      </input_file>
      <input_file id="fl-d5">
         <path>C:\ti\ccsv6\tools\compiler\ti-cgt-arm_15.12.1.LTS\lib\</path>
         <kind>archive</kind>
         <file>rtsv7R4_A_le_v3D16_eabi.lib</file>
         <name>cpy_tbl.obj</name>
      </input_file>
      <input_file id="fl-d6">
         <path>C:\ti\ccsv6\tools\compiler\ti-cgt-arm_15.12.1.LTS\lib\</path>
         <kind>archive</kind>
         <file>rtsv7R4_A_le_v3D16_eabi.lib</file>
         <name>exit.obj</name>
      </input_file>
      <input_file id="fl-d7">
         <path>C:\ti\ccsv6\tools\compiler\ti-cgt-arm_15.12.1.LTS\lib\</path>
         <kind>archive</kind>
         <file>rtsv7R4_A_le_v3D16_eabi.lib</file>
         <name>memcpy32.obj</name>
      </input_file>
      <input_file id="fl-d8">
         <path>C:\ti\ccsv6\tools\compiler\ti-cgt-arm_15.12.1.LTS\lib\</path>
         <kind>archive</kind>
         <file>rtsv7R4_A_le_v3D16_eabi.lib</file>
         <name>memset32.obj</name>
      </input_file>
      <input_file id="fl-d9">
         <path>C:\ti\ccsv6\tools\compiler\ti-cgt-arm_15.12.1.LTS\lib\</path>
         <kind>archive</kind>
         <file>rtsv7R4_A_le_v3D16_eabi.lib</file>
         <name>startup.obj</name>
      </input_file>
      <input_file id="fl-da">
         <path>C:\ti\ccsv6\tools\compiler\ti-cgt-arm_15.12.1.LTS\lib\</path>
         <kind>archive</kind>
         <file>rtsv7R4_A_le_v3D16_eabi.lib</file>
         <name>_lock.obj</name>
      </input_file>
   </input_file_list>
   <object_component_list>
      <object_component id="oc-2d">
         <name>.intvecs</name>
         <load_address>0x0</load_address>
         <run_address>0x0</run_address>
         <size>0x20</size>
         <input_file_ref idref="fl-e"/>
      </object_component>
      <object_component id="oc-6e">
         <name>.text</name>
         <load_address>0x20</load_address>
         <run_address>0x20</run_address>
         <size>0x5f4</size>
         <input_file_ref idref="fl-17"/>
      </object_component>
      <object_component id="oc-3e">
         <name>.text</name>
         <load_address>0x614</load_address>
         <run_address>0x614</run_address>
         <size>0x548</size>
         <input_file_ref idref="fl-16"/>
      </object_component>
      <object_component id="oc-c8">
         <name>.text</name>
         <load_address>0xb5c</load_address>
         <run_address>0xb5c</run_address>
         <size>0x500</size>
         <input_file_ref idref="fl-9"/>
      </object_component>
      <object_component id="oc-7a">
         <name>.text</name>
         <load_address>0x105c</load_address>
         <run_address>0x105c</run_address>
         <size>0x3dc</size>
         <input_file_ref idref="fl-4"/>
      </object_component>
      <object_component id="oc-69">
         <name>.text</name>
         <load_address>0x1438</load_address>
         <run_address>0x1438</run_address>
         <size>0x3b8</size>
         <input_file_ref idref="fl-c"/>
      </object_component>
      <object_component id="oc-80">
         <name>.text</name>
         <load_address>0x17f0</load_address>
         <run_address>0x17f0</run_address>
         <size>0x36c</size>
         <input_file_ref idref="fl-10"/>
      </object_component>
      <object_component id="oc-44">
         <name>.text</name>
         <load_address>0x1b5c</load_address>
         <run_address>0x1b5c</run_address>
         <size>0x180</size>
         <input_file_ref idref="fl-d7"/>
      </object_component>
      <object_component id="oc-38">
         <name>.text:retain</name>
         <load_address>0x1cdc</load_address>
         <run_address>0x1cdc</run_address>
         <size>0x178</size>
         <input_file_ref idref="fl-16"/>
      </object_component>
      <object_component id="oc-24">
         <name>.text:retain</name>
         <load_address>0x1e54</load_address>
         <run_address>0x1e54</run_address>
         <size>0xe4</size>
         <input_file_ref idref="fl-4"/>
      </object_component>
      <object_component id="oc-5d">
         <name>.text</name>
         <load_address>0x1f38</load_address>
         <run_address>0x1f38</run_address>
         <size>0xb0</size>
         <input_file_ref idref="fl-d8"/>
      </object_component>
      <object_component id="oc-85">
         <name>.text</name>
         <load_address>0x1fe8</load_address>
         <run_address>0x1fe8</run_address>
         <size>0xa8</size>
         <input_file_ref idref="fl-d1"/>
      </object_component>
      <object_component id="oc-50">
         <name>.text</name>
         <load_address>0x2090</load_address>
         <run_address>0x2090</run_address>
         <size>0x9c</size>
         <input_file_ref idref="fl-d3"/>
      </object_component>
      <object_component id="oc-1e">
         <name>.text:retain</name>
         <load_address>0x212c</load_address>
         <run_address>0x212c</run_address>
         <size>0x90</size>
         <input_file_ref idref="fl-15"/>
      </object_component>
      <object_component id="oc-91">
         <name>.text</name>
         <load_address>0x21bc</load_address>
         <run_address>0x21bc</run_address>
         <size>0x90</size>
         <input_file_ref idref="fl-d6"/>
      </object_component>
      <object_component id="oc-e9">
         <name>.text</name>
         <load_address>0x224c</load_address>
         <run_address>0x224c</run_address>
         <size>0x84</size>
         <input_file_ref idref="fl-d5"/>
      </object_component>
      <object_component id="oc-74">
         <name>.text</name>
         <load_address>0x22d0</load_address>
         <run_address>0x22d0</run_address>
         <size>0x24</size>
         <input_file_ref idref="fl-8"/>
      </object_component>
      <object_component id="oc-16c">
         <name>.text</name>
         <load_address>0x22f4</load_address>
         <run_address>0x22f4</run_address>
         <size>0x24</size>
         <input_file_ref idref="fl-da"/>
      </object_component>
      <object_component id="oc-c">
         <name>.text:decompress:none</name>
         <load_address>0x2318</load_address>
         <run_address>0x2318</run_address>
         <size>0x14</size>
         <input_file_ref idref="fl-d2"/>
      </object_component>
      <object_component id="oc-12">
         <name>.text:decompress:rle24</name>
         <load_address>0x232c</load_address>
         <run_address>0x232c</run_address>
         <size>0x8</size>
         <input_file_ref idref="fl-d3"/>
      </object_component>
      <object_component id="oc-8b">
         <name>.text</name>
         <load_address>0x2334</load_address>
         <run_address>0x2334</run_address>
         <size>0x4</size>
         <input_file_ref idref="fl-f"/>
      </object_component>
      <object_component id="oc-32">
         <name>.text:retain</name>
         <load_address>0x2338</load_address>
         <run_address>0x2338</run_address>
         <size>0x4</size>
         <input_file_ref idref="fl-12"/>
      </object_component>
      <object_component id="oc-ef">
         <name>.text</name>
         <load_address>0x233c</load_address>
         <run_address>0x233c</run_address>
         <size>0x4</size>
         <input_file_ref idref="fl-d9"/>
      </object_component>
      <object_component id="oc-2a">
         <name>.const:s_vim_init</name>
         <load_address>0x2340</load_address>
         <run_address>0x2340</run_address>
         <size>0x200</size>
         <input_file_ref idref="fl-16"/>
      </object_component>
      <object_component id="oc-1ba">
         <name>.cinit..data.load</name>
         <load_address>0x2540</load_address>
         <run_address>0x2540</run_address>
         <size>0x15</size>
      </object_component>
      <object_component id="oc-1b8">
         <name>__TI_handler_table</name>
         <load_address>0x2558</load_address>
         <run_address>0x2558</run_address>
         <size>0x8</size>
      </object_component>
      <object_component id="oc-1b9">
         <name>__TI_cinit_table</name>
         <load_address>0x2560</load_address>
         <run_address>0x2560</run_address>
         <size>0x8</size>
      </object_component>
      <object_component id="oc-f8">
         <name>.data:$O1$$</name>
         <load_address>0x8001500</load_address>
         <run_address>0x8001500</run_address>
         <size>0xc</size>
         <input_file_ref idref="fl-d6"/>
      </object_component>
      <object_component id="oc-fb">
         <name>.data:$O1$$</name>
         <load_address>0x800150c</load_address>
         <run_address>0x800150c</run_address>
         <size>0x8</size>
         <input_file_ref idref="fl-da"/>
      </object_component>
      <object_component id="oc-130">
         <name>.debug_info</name>
         <load_address>0x0</load_address>
         <run_address>0x0</run_address>
         <size>0x1dd</size>
         <input_file_ref idref="fl-2"/>
      </object_component>
      <object_component id="oc-d0">
         <name>.debug_info</name>
         <load_address>0x1dd</load_address>
         <run_address>0x1dd</run_address>
         <size>0x432</size>
         <input_file_ref idref="fl-2"/>
      </object_component>
      <object_component id="oc-99">
         <name>.debug_info</name>
         <load_address>0x60f</load_address>
         <run_address>0x60f</run_address>
         <size>0x157</size>
         <input_file_ref idref="fl-2"/>
      </object_component>
      <object_component id="oc-d5">
         <name>.debug_info</name>
         <load_address>0x766</load_address>
         <run_address>0x766</run_address>
         <size>0x8b</size>
         <input_file_ref idref="fl-2"/>
      </object_component>
      <object_component id="oc-a5">
         <name>.debug_info</name>
         <load_address>0x7f1</load_address>
         <run_address>0x7f1</run_address>
         <size>0x18c</size>
         <input_file_ref idref="fl-2"/>
      </object_component>
      <object_component id="oc-101">
         <name>.debug_info</name>
         <load_address>0x97d</load_address>
         <run_address>0x97d</run_address>
         <size>0x18b</size>
         <input_file_ref idref="fl-2"/>
      </object_component>
      <object_component id="oc-aa">
         <name>.debug_info</name>
         <load_address>0xb08</load_address>
         <run_address>0xb08</run_address>
         <size>0x86</size>
         <input_file_ref idref="fl-2"/>
      </object_component>
      <object_component id="oc-108">
         <name>.debug_info</name>
         <load_address>0xb8e</load_address>
         <run_address>0xb8e</run_address>
         <size>0x102</size>
         <input_file_ref idref="fl-2"/>
      </object_component>
      <object_component id="oc-14a">
         <name>.debug_info</name>
         <load_address>0xc90</load_address>
         <run_address>0xc90</run_address>
         <size>0x142</size>
         <input_file_ref idref="fl-2"/>
      </object_component>
      <object_component id="oc-10d">
         <name>.debug_info</name>
         <load_address>0xdd2</load_address>
         <run_address>0xdd2</run_address>
         <size>0x285</size>
         <input_file_ref idref="fl-2"/>
      </object_component>
      <object_component id="oc-112">
         <name>.debug_info</name>
         <load_address>0x1057</load_address>
         <run_address>0x1057</run_address>
         <size>0x44a</size>
         <input_file_ref idref="fl-2"/>
      </object_component>
      <object_component id="oc-117">
         <name>.debug_info</name>
         <load_address>0x14a1</load_address>
         <run_address>0x14a1</run_address>
         <size>0x1f9</size>
         <input_file_ref idref="fl-2"/>
      </object_component>
      <object_component id="oc-11c">
         <name>.debug_info</name>
         <load_address>0x169a</load_address>
         <run_address>0x169a</run_address>
         <size>0x152</size>
         <input_file_ref idref="fl-2"/>
      </object_component>
      <object_component id="oc-121">
         <name>.debug_info</name>
         <load_address>0x17ec</load_address>
         <run_address>0x17ec</run_address>
         <size>0x70a</size>
         <input_file_ref idref="fl-2"/>
      </object_component>
      <object_component id="oc-126">
         <name>.debug_info</name>
         <load_address>0x1ef6</load_address>
         <run_address>0x1ef6</run_address>
         <size>0x36d</size>
         <input_file_ref idref="fl-2"/>
      </object_component>
      <object_component id="oc-e2">
         <name>.debug_info</name>
         <load_address>0x2263</load_address>
         <run_address>0x2263</run_address>
         <size>0x1aa</size>
         <input_file_ref idref="fl-4"/>
      </object_component>
      <object_component id="oc-7b">
         <name>.debug_info</name>
         <load_address>0x240d</load_address>
         <run_address>0x240d</run_address>
         <size>0xf18</size>
         <input_file_ref idref="fl-4"/>
      </object_component>
      <object_component id="oc-25">
         <name>.debug_info</name>
         <load_address>0x3325</load_address>
         <run_address>0x3325</run_address>
         <size>0x174</size>
         <input_file_ref idref="fl-4"/>
      </object_component>
      <object_component id="oc-e3">
         <name>.debug_info</name>
         <load_address>0x3499</load_address>
         <run_address>0x3499</run_address>
         <size>0x168</size>
         <input_file_ref idref="fl-4"/>
      </object_component>
      <object_component id="oc-17c">
         <name>.debug_info</name>
         <load_address>0x3601</load_address>
         <run_address>0x3601</run_address>
         <size>0x132</size>
         <input_file_ref idref="fl-6"/>
      </object_component>
      <object_component id="oc-192">
         <name>.debug_info</name>
         <load_address>0x3733</load_address>
         <run_address>0x3733</run_address>
         <size>0x69</size>
         <input_file_ref idref="fl-6"/>
      </object_component>
      <object_component id="oc-14f">
         <name>.debug_info</name>
         <load_address>0x379c</load_address>
         <run_address>0x379c</run_address>
         <size>0x26a</size>
         <input_file_ref idref="fl-6"/>
      </object_component>
      <object_component id="oc-197">
         <name>.debug_info</name>
         <load_address>0x3a06</load_address>
         <run_address>0x3a06</run_address>
         <size>0x34f</size>
         <input_file_ref idref="fl-6"/>
      </object_component>
      <object_component id="oc-db">
         <name>.debug_info</name>
         <load_address>0x3d55</load_address>
         <run_address>0x3d55</run_address>
         <size>0x209</size>
         <input_file_ref idref="fl-8"/>
      </object_component>
      <object_component id="oc-75">
         <name>.debug_info</name>
         <load_address>0x3f5e</load_address>
         <run_address>0x3f5e</run_address>
         <size>0x66f</size>
         <input_file_ref idref="fl-8"/>
      </object_component>
      <object_component id="oc-140">
         <name>.debug_info</name>
         <load_address>0x45cd</load_address>
         <run_address>0x45cd</run_address>
         <size>0x306</size>
         <input_file_ref idref="fl-8"/>
      </object_component>
      <object_component id="oc-145">
         <name>.debug_info</name>
         <load_address>0x48d3</load_address>
         <run_address>0x48d3</run_address>
         <size>0xadd</size>
         <input_file_ref idref="fl-8"/>
      </object_component>
      <object_component id="oc-dc">
         <name>.debug_info</name>
         <load_address>0x53b0</load_address>
         <run_address>0x53b0</run_address>
         <size>0x6eb</size>
         <input_file_ref idref="fl-8"/>
      </object_component>
      <object_component id="oc-154">
         <name>.debug_info</name>
         <load_address>0x5a9b</load_address>
         <run_address>0x5a9b</run_address>
         <size>0x243</size>
         <input_file_ref idref="fl-8"/>
      </object_component>
      <object_component id="oc-17b">
         <name>.debug_info</name>
         <load_address>0x5cde</load_address>
         <run_address>0x5cde</run_address>
         <size>0x10b</size>
         <input_file_ref idref="fl-9"/>
      </object_component>
      <object_component id="oc-c9">
         <name>.debug_info</name>
         <load_address>0x5de9</load_address>
         <run_address>0x5de9</run_address>
         <size>0x121</size>
         <input_file_ref idref="fl-9"/>
      </object_component>
      <object_component id="oc-139">
         <name>.debug_info</name>
         <load_address>0x5f0a</load_address>
         <run_address>0x5f0a</run_address>
         <size>0x199</size>
         <input_file_ref idref="fl-9"/>
      </object_component>
      <object_component id="oc-6a">
         <name>.debug_info</name>
         <load_address>0x60a3</load_address>
         <run_address>0x60a3</run_address>
         <size>0x817</size>
         <input_file_ref idref="fl-c"/>
      </object_component>
      <object_component id="oc-2e">
         <name>.debug_info</name>
         <load_address>0x68ba</load_address>
         <run_address>0x68ba</run_address>
         <size>0x10d</size>
         <input_file_ref idref="fl-e"/>
      </object_component>
      <object_component id="oc-8c">
         <name>.debug_info</name>
         <load_address>0x69c7</load_address>
         <run_address>0x69c7</run_address>
         <size>0x120</size>
         <input_file_ref idref="fl-f"/>
      </object_component>
      <object_component id="oc-81">
         <name>.debug_info</name>
         <load_address>0x6ae7</load_address>
         <run_address>0x6ae7</run_address>
         <size>0x444</size>
         <input_file_ref idref="fl-10"/>
      </object_component>
      <object_component id="oc-17a">
         <name>.debug_info</name>
         <load_address>0x6f2b</load_address>
         <run_address>0x6f2b</run_address>
         <size>0x1dd</size>
         <input_file_ref idref="fl-11"/>
      </object_component>
      <object_component id="oc-189">
         <name>.debug_info</name>
         <load_address>0x7108</load_address>
         <run_address>0x7108</run_address>
         <size>0x652</size>
         <input_file_ref idref="fl-11"/>
      </object_component>
      <object_component id="oc-134">
         <name>.debug_info</name>
         <load_address>0x775a</load_address>
         <run_address>0x775a</run_address>
         <size>0x457</size>
         <input_file_ref idref="fl-11"/>
      </object_component>
      <object_component id="oc-33">
         <name>.debug_info</name>
         <load_address>0x7bb1</load_address>
         <run_address>0x7bb1</run_address>
         <size>0x142</size>
         <input_file_ref idref="fl-12"/>
      </object_component>
      <object_component id="oc-1f">
         <name>.debug_info</name>
         <load_address>0x7cf3</load_address>
         <run_address>0x7cf3</run_address>
         <size>0x29e</size>
         <input_file_ref idref="fl-15"/>
      </object_component>
      <object_component id="oc-a0">
         <name>.debug_info</name>
         <load_address>0x7f91</load_address>
         <run_address>0x7f91</run_address>
         <size>0x2ad</size>
         <input_file_ref idref="fl-16"/>
      </object_component>
      <object_component id="oc-2b">
         <name>.debug_info</name>
         <load_address>0x823e</load_address>
         <run_address>0x823e</run_address>
         <size>0xe4</size>
         <input_file_ref idref="fl-16"/>
      </object_component>
      <object_component id="oc-3f">
         <name>.debug_info</name>
         <load_address>0x8322</load_address>
         <run_address>0x8322</run_address>
         <size>0x45a</size>
         <input_file_ref idref="fl-16"/>
      </object_component>
      <object_component id="oc-39">
         <name>.debug_info</name>
         <load_address>0x877c</load_address>
         <run_address>0x877c</run_address>
         <size>0x1b0</size>
         <input_file_ref idref="fl-16"/>
      </object_component>
      <object_component id="oc-12b">
         <name>.debug_info</name>
         <load_address>0x892c</load_address>
         <run_address>0x892c</run_address>
         <size>0x4f</size>
         <input_file_ref idref="fl-16"/>
      </object_component>
      <object_component id="oc-cf">
         <name>.debug_info</name>
         <load_address>0x897b</load_address>
         <run_address>0x897b</run_address>
         <size>0x258</size>
         <input_file_ref idref="fl-17"/>
      </object_component>
      <object_component id="oc-6f">
         <name>.debug_info</name>
         <load_address>0x8bd3</load_address>
         <run_address>0x8bd3</run_address>
         <size>0x58a</size>
         <input_file_ref idref="fl-17"/>
      </object_component>
      <object_component id="oc-f6">
         <name>.debug_info</name>
         <load_address>0x915d</load_address>
         <run_address>0x915d</run_address>
         <size>0x2ba</size>
         <input_file_ref idref="fl-d1"/>
      </object_component>
      <object_component id="oc-87">
         <name>.debug_info</name>
         <load_address>0x9417</load_address>
         <run_address>0x9417</run_address>
         <size>0x161</size>
         <input_file_ref idref="fl-d1"/>
      </object_component>
      <object_component id="oc-b7">
         <name>.debug_info</name>
         <load_address>0x9578</load_address>
         <run_address>0x9578</run_address>
         <size>0x84</size>
         <input_file_ref idref="fl-d1"/>
      </object_component>
      <object_component id="oc-160">
         <name>.debug_info</name>
         <load_address>0x95fc</load_address>
         <run_address>0x95fc</run_address>
         <size>0x39</size>
         <input_file_ref idref="fl-d1"/>
      </object_component>
      <object_component id="oc-165">
         <name>.debug_info</name>
         <load_address>0x9635</load_address>
         <run_address>0x9635</run_address>
         <size>0xcd</size>
         <input_file_ref idref="fl-d1"/>
      </object_component>
      <object_component id="oc-4f">
         <name>.debug_info</name>
         <load_address>0x9702</load_address>
         <run_address>0x9702</run_address>
         <size>0x10c</size>
         <input_file_ref idref="fl-d2"/>
      </object_component>
      <object_component id="oc-e">
         <name>.debug_info</name>
         <load_address>0x980e</load_address>
         <run_address>0x980e</run_address>
         <size>0x19b</size>
         <input_file_ref idref="fl-d2"/>
      </object_component>
      <object_component id="oc-4a">
         <name>.debug_info</name>
         <load_address>0x99a9</load_address>
         <run_address>0x99a9</run_address>
         <size>0x46</size>
         <input_file_ref idref="fl-d2"/>
      </object_component>
      <object_component id="oc-b0">
         <name>.debug_info</name>
         <load_address>0x99ef</load_address>
         <run_address>0x99ef</run_address>
         <size>0x2c</size>
         <input_file_ref idref="fl-d2"/>
      </object_component>
      <object_component id="oc-57">
         <name>.debug_info</name>
         <load_address>0x9a1b</load_address>
         <run_address>0x9a1b</run_address>
         <size>0x105</size>
         <input_file_ref idref="fl-d3"/>
      </object_component>
      <object_component id="oc-54">
         <name>.debug_info</name>
         <load_address>0x9b20</load_address>
         <run_address>0x9b20</run_address>
         <size>0x218</size>
         <input_file_ref idref="fl-d3"/>
      </object_component>
      <object_component id="oc-14">
         <name>.debug_info</name>
         <load_address>0x9d38</load_address>
         <run_address>0x9d38</run_address>
         <size>0x182</size>
         <input_file_ref idref="fl-d3"/>
      </object_component>
      <object_component id="oc-58">
         <name>.debug_info</name>
         <load_address>0x9eba</load_address>
         <run_address>0x9eba</run_address>
         <size>0x39</size>
         <input_file_ref idref="fl-d3"/>
      </object_component>
      <object_component id="oc-bf">
         <name>.debug_info</name>
         <load_address>0x9ef3</load_address>
         <run_address>0x9ef3</run_address>
         <size>0x2c</size>
         <input_file_ref idref="fl-d3"/>
      </object_component>
      <object_component id="oc-15c">
         <name>.debug_info</name>
         <load_address>0x9f1f</load_address>
         <run_address>0x9f1f</run_address>
         <size>0x1b1</size>
         <input_file_ref idref="fl-d5"/>
      </object_component>
      <object_component id="oc-eb">
         <name>.debug_info</name>
         <load_address>0xa0d0</load_address>
         <run_address>0xa0d0</run_address>
         <size>0x154</size>
         <input_file_ref idref="fl-d5"/>
      </object_component>
      <object_component id="oc-17f">
         <name>.debug_info</name>
         <load_address>0xa224</load_address>
         <run_address>0xa224</run_address>
         <size>0x2c</size>
         <input_file_ref idref="fl-d5"/>
      </object_component>
      <object_component id="oc-ff">
         <name>.debug_info</name>
         <load_address>0xa250</load_address>
         <run_address>0xa250</run_address>
         <size>0x205</size>
         <input_file_ref idref="fl-d6"/>
      </object_component>
      <object_component id="oc-f9">
         <name>.debug_info</name>
         <load_address>0xa455</load_address>
         <run_address>0xa455</run_address>
         <size>0x156</size>
         <input_file_ref idref="fl-d6"/>
      </object_component>
      <object_component id="oc-93">
         <name>.debug_info</name>
         <load_address>0xa5ab</load_address>
         <run_address>0xa5ab</run_address>
         <size>0x1e5</size>
         <input_file_ref idref="fl-d6"/>
      </object_component>
      <object_component id="oc-45">
         <name>.debug_info</name>
         <load_address>0xa790</load_address>
         <run_address>0xa790</run_address>
         <size>0x14d</size>
         <input_file_ref idref="fl-d7"/>
      </object_component>
      <object_component id="oc-5e">
         <name>.debug_info</name>
         <load_address>0xa8dd</load_address>
         <run_address>0xa8dd</run_address>
         <size>0x115</size>
         <input_file_ref idref="fl-d8"/>
      </object_component>
      <object_component id="oc-f3">
         <name>.debug_info</name>
         <load_address>0xa9f2</load_address>
         <run_address>0xa9f2</run_address>
         <size>0x116</size>
         <input_file_ref idref="fl-d9"/>
      </object_component>
      <object_component id="oc-174">
         <name>.debug_info</name>
         <load_address>0xab08</load_address>
         <run_address>0xab08</run_address>
         <size>0xf5</size>
         <input_file_ref idref="fl-da"/>
      </object_component>
      <object_component id="oc-fc">
         <name>.debug_info</name>
         <load_address>0xabfd</load_address>
         <run_address>0xabfd</run_address>
         <size>0xe4</size>
         <input_file_ref idref="fl-da"/>
      </object_component>
      <object_component id="oc-170">
         <name>.debug_info</name>
         <load_address>0xace1</load_address>
         <run_address>0xace1</run_address>
         <size>0x1f0</size>
         <input_file_ref idref="fl-da"/>
      </object_component>
      <object_component id="oc-1bb">
         <name>.debug_info</name>
         <load_address>0xaed1</load_address>
         <run_address>0xaed1</run_address>
         <size>0xa6</size>
      </object_component>
      <object_component id="oc-179">
         <name>.debug_line</name>
         <load_address>0x0</load_address>
         <run_address>0x0</run_address>
         <size>0x20</size>
         <input_file_ref idref="fl-2"/>
      </object_component>
      <object_component id="oc-d3">
         <name>.debug_line</name>
         <load_address>0x20</load_address>
         <run_address>0x20</run_address>
         <size>0x66</size>
         <input_file_ref idref="fl-2"/>
      </object_component>
      <object_component id="oc-9c">
         <name>.debug_line</name>
         <load_address>0x86</load_address>
         <run_address>0x86</run_address>
         <size>0x6c</size>
         <input_file_ref idref="fl-2"/>
      </object_component>
      <object_component id="oc-d8">
         <name>.debug_line</name>
         <load_address>0xf2</load_address>
         <run_address>0xf2</run_address>
         <size>0x20</size>
         <input_file_ref idref="fl-2"/>
      </object_component>
      <object_component id="oc-a8">
         <name>.debug_line</name>
         <load_address>0x112</load_address>
         <run_address>0x112</run_address>
         <size>0x67</size>
         <input_file_ref idref="fl-2"/>
      </object_component>
      <object_component id="oc-104">
         <name>.debug_line</name>
         <load_address>0x179</load_address>
         <run_address>0x179</run_address>
         <size>0x66</size>
         <input_file_ref idref="fl-2"/>
      </object_component>
      <object_component id="oc-ad">
         <name>.debug_line</name>
         <load_address>0x1df</load_address>
         <run_address>0x1df</run_address>
         <size>0x6a</size>
         <input_file_ref idref="fl-2"/>
      </object_component>
      <object_component id="oc-10b">
         <name>.debug_line</name>
         <load_address>0x249</load_address>
         <run_address>0x249</run_address>
         <size>0x69</size>
         <input_file_ref idref="fl-2"/>
      </object_component>
      <object_component id="oc-14d">
         <name>.debug_line</name>
         <load_address>0x2b2</load_address>
         <run_address>0x2b2</run_address>
         <size>0x67</size>
         <input_file_ref idref="fl-2"/>
      </object_component>
      <object_component id="oc-110">
         <name>.debug_line</name>
         <load_address>0x319</load_address>
         <run_address>0x319</run_address>
         <size>0x67</size>
         <input_file_ref idref="fl-2"/>
      </object_component>
      <object_component id="oc-115">
         <name>.debug_line</name>
         <load_address>0x380</load_address>
         <run_address>0x380</run_address>
         <size>0x69</size>
         <input_file_ref idref="fl-2"/>
      </object_component>
      <object_component id="oc-11a">
         <name>.debug_line</name>
         <load_address>0x3e9</load_address>
         <run_address>0x3e9</run_address>
         <size>0x67</size>
         <input_file_ref idref="fl-2"/>
      </object_component>
      <object_component id="oc-11f">
         <name>.debug_line</name>
         <load_address>0x450</load_address>
         <run_address>0x450</run_address>
         <size>0x6a</size>
         <input_file_ref idref="fl-2"/>
      </object_component>
      <object_component id="oc-124">
         <name>.debug_line</name>
         <load_address>0x4ba</load_address>
         <run_address>0x4ba</run_address>
         <size>0x6a</size>
         <input_file_ref idref="fl-2"/>
      </object_component>
      <object_component id="oc-129">
         <name>.debug_line</name>
         <load_address>0x524</load_address>
         <run_address>0x524</run_address>
         <size>0x67</size>
         <input_file_ref idref="fl-2"/>
      </object_component>
      <object_component id="oc-15a">
         <name>.debug_line</name>
         <load_address>0x58b</load_address>
         <run_address>0x58b</run_address>
         <size>0x63</size>
         <input_file_ref idref="fl-4"/>
      </object_component>
      <object_component id="oc-7e">
         <name>.debug_line</name>
         <load_address>0x5ee</load_address>
         <run_address>0x5ee</run_address>
         <size>0x32f</size>
         <input_file_ref idref="fl-4"/>
      </object_component>
      <object_component id="oc-28">
         <name>.debug_line</name>
         <load_address>0x91d</load_address>
         <run_address>0x91d</run_address>
         <size>0x81</size>
         <input_file_ref idref="fl-4"/>
      </object_component>
      <object_component id="oc-e6">
         <name>.debug_line</name>
         <load_address>0x99e</load_address>
         <run_address>0x99e</run_address>
         <size>0x63</size>
         <input_file_ref idref="fl-4"/>
      </object_component>
      <object_component id="oc-191">
         <name>.debug_line</name>
         <load_address>0xa01</load_address>
         <run_address>0xa01</run_address>
         <size>0x20</size>
         <input_file_ref idref="fl-6"/>
      </object_component>
      <object_component id="oc-195">
         <name>.debug_line</name>
         <load_address>0xa21</load_address>
         <run_address>0xa21</run_address>
         <size>0x36</size>
         <input_file_ref idref="fl-6"/>
      </object_component>
      <object_component id="oc-152">
         <name>.debug_line</name>
         <load_address>0xa57</load_address>
         <run_address>0xa57</run_address>
         <size>0x67</size>
         <input_file_ref idref="fl-6"/>
      </object_component>
      <object_component id="oc-19a">
         <name>.debug_line</name>
         <load_address>0xabe</load_address>
         <run_address>0xabe</run_address>
         <size>0x63</size>
         <input_file_ref idref="fl-6"/>
      </object_component>
      <object_component id="oc-13f">
         <name>.debug_line</name>
         <load_address>0xb21</load_address>
         <run_address>0xb21</run_address>
         <size>0x20</size>
         <input_file_ref idref="fl-8"/>
      </object_component>
      <object_component id="oc-78">
         <name>.debug_line</name>
         <load_address>0xb41</load_address>
         <run_address>0xb41</run_address>
         <size>0xed</size>
         <input_file_ref idref="fl-8"/>
      </object_component>
      <object_component id="oc-143">
         <name>.debug_line</name>
         <load_address>0xc2e</load_address>
         <run_address>0xc2e</run_address>
         <size>0x67</size>
         <input_file_ref idref="fl-8"/>
      </object_component>
      <object_component id="oc-148">
         <name>.debug_line</name>
         <load_address>0xc95</load_address>
         <run_address>0xc95</run_address>
         <size>0x67</size>
         <input_file_ref idref="fl-8"/>
      </object_component>
      <object_component id="oc-df">
         <name>.debug_line</name>
         <load_address>0xcfc</load_address>
         <run_address>0xcfc</run_address>
         <size>0x67</size>
         <input_file_ref idref="fl-8"/>
      </object_component>
      <object_component id="oc-157">
         <name>.debug_line</name>
         <load_address>0xd63</load_address>
         <run_address>0xd63</run_address>
         <size>0x67</size>
         <input_file_ref idref="fl-8"/>
      </object_component>
      <object_component id="oc-18f">
         <name>.debug_line</name>
         <load_address>0xdca</load_address>
         <run_address>0xdca</run_address>
         <size>0x20</size>
         <input_file_ref idref="fl-9"/>
      </object_component>
      <object_component id="oc-cc">
         <name>.debug_line</name>
         <load_address>0xdea</load_address>
         <run_address>0xdea</run_address>
         <size>0x17e</size>
         <input_file_ref idref="fl-9"/>
      </object_component>
      <object_component id="oc-13c">
         <name>.debug_line</name>
         <load_address>0xf68</load_address>
         <run_address>0xf68</run_address>
         <size>0x6a</size>
         <input_file_ref idref="fl-9"/>
      </object_component>
      <object_component id="oc-6d">
         <name>.debug_line</name>
         <load_address>0xfd2</load_address>
         <run_address>0xfd2</run_address>
         <size>0x2ef</size>
         <input_file_ref idref="fl-c"/>
      </object_component>
      <object_component id="oc-31">
         <name>.debug_line</name>
         <load_address>0x12c1</load_address>
         <run_address>0x12c1</run_address>
         <size>0x52</size>
         <input_file_ref idref="fl-e"/>
      </object_component>
      <object_component id="oc-8f">
         <name>.debug_line</name>
         <load_address>0x1313</load_address>
         <run_address>0x1313</run_address>
         <size>0x4a</size>
         <input_file_ref idref="fl-f"/>
      </object_component>
      <object_component id="oc-84">
         <name>.debug_line</name>
         <load_address>0x135d</load_address>
         <run_address>0x135d</run_address>
         <size>0x1f3</size>
         <input_file_ref idref="fl-10"/>
      </object_component>
      <object_component id="oc-188">
         <name>.debug_line</name>
         <load_address>0x1550</load_address>
         <run_address>0x1550</run_address>
         <size>0x20</size>
         <input_file_ref idref="fl-11"/>
      </object_component>
      <object_component id="oc-18c">
         <name>.debug_line</name>
         <load_address>0x1570</load_address>
         <run_address>0x1570</run_address>
         <size>0x67</size>
         <input_file_ref idref="fl-11"/>
      </object_component>
      <object_component id="oc-137">
         <name>.debug_line</name>
         <load_address>0x15d7</load_address>
         <run_address>0x15d7</run_address>
         <size>0x67</size>
         <input_file_ref idref="fl-11"/>
      </object_component>
      <object_component id="oc-36">
         <name>.debug_line</name>
         <load_address>0x163e</load_address>
         <run_address>0x163e</run_address>
         <size>0x4d</size>
         <input_file_ref idref="fl-12"/>
      </object_component>
      <object_component id="oc-22">
         <name>.debug_line</name>
         <load_address>0x168b</load_address>
         <run_address>0x168b</run_address>
         <size>0x71</size>
         <input_file_ref idref="fl-15"/>
      </object_component>
      <object_component id="oc-107">
         <name>.debug_line</name>
         <load_address>0x16fc</load_address>
         <run_address>0x16fc</run_address>
         <size>0xaa</size>
         <input_file_ref idref="fl-16"/>
      </object_component>
      <object_component id="oc-9f">
         <name>.debug_line</name>
         <load_address>0x17a6</load_address>
         <run_address>0x17a6</run_address>
         <size>0x3a</size>
         <input_file_ref idref="fl-16"/>
      </object_component>
      <object_component id="oc-42">
         <name>.debug_line</name>
         <load_address>0x17e0</load_address>
         <run_address>0x17e0</run_address>
         <size>0x21d</size>
         <input_file_ref idref="fl-16"/>
      </object_component>
      <object_component id="oc-3c">
         <name>.debug_line</name>
         <load_address>0x19fd</load_address>
         <run_address>0x19fd</run_address>
         <size>0xf1</size>
         <input_file_ref idref="fl-16"/>
      </object_component>
      <object_component id="oc-12e">
         <name>.debug_line</name>
         <load_address>0x1aee</load_address>
         <run_address>0x1aee</run_address>
         <size>0x3a</size>
         <input_file_ref idref="fl-16"/>
      </object_component>
      <object_component id="oc-133">
         <name>.debug_line</name>
         <load_address>0x1b28</load_address>
         <run_address>0x1b28</run_address>
         <size>0xae</size>
         <input_file_ref idref="fl-17"/>
      </object_component>
      <object_component id="oc-72">
         <name>.debug_line</name>
         <load_address>0x1bd6</load_address>
         <run_address>0x1bd6</run_address>
         <size>0x304</size>
         <input_file_ref idref="fl-17"/>
      </object_component>
      <object_component id="oc-15f">
         <name>.debug_line</name>
         <load_address>0x1eda</load_address>
         <run_address>0x1eda</run_address>
         <size>0x7b</size>
         <input_file_ref idref="fl-d1"/>
      </object_component>
      <object_component id="oc-86">
         <name>.debug_line</name>
         <load_address>0x1f55</load_address>
         <run_address>0x1f55</run_address>
         <size>0x95</size>
         <input_file_ref idref="fl-d1"/>
      </object_component>
      <object_component id="oc-ba">
         <name>.debug_line</name>
         <load_address>0x1fea</load_address>
         <run_address>0x1fea</run_address>
         <size>0x20</size>
         <input_file_ref idref="fl-d1"/>
      </object_component>
      <object_component id="oc-163">
         <name>.debug_line</name>
         <load_address>0x200a</load_address>
         <run_address>0x200a</run_address>
         <size>0x2e</size>
         <input_file_ref idref="fl-d1"/>
      </object_component>
      <object_component id="oc-168">
         <name>.debug_line</name>
         <load_address>0x2038</load_address>
         <run_address>0x2038</run_address>
         <size>0x5d</size>
         <input_file_ref idref="fl-d1"/>
      </object_component>
      <object_component id="oc-b6">
         <name>.debug_line</name>
         <load_address>0x2095</load_address>
         <run_address>0x2095</run_address>
         <size>0x5c</size>
         <input_file_ref idref="fl-d2"/>
      </object_component>
      <object_component id="oc-11">
         <name>.debug_line</name>
         <load_address>0x20f1</load_address>
         <run_address>0x20f1</run_address>
         <size>0x55</size>
         <input_file_ref idref="fl-d2"/>
      </object_component>
      <object_component id="oc-4d">
         <name>.debug_line</name>
         <load_address>0x2146</load_address>
         <run_address>0x2146</run_address>
         <size>0x3a</size>
         <input_file_ref idref="fl-d2"/>
      </object_component>
      <object_component id="oc-b3">
         <name>.debug_line</name>
         <load_address>0x2180</load_address>
         <run_address>0x2180</run_address>
         <size>0x5c</size>
         <input_file_ref idref="fl-d2"/>
      </object_component>
      <object_component id="oc-be">
         <name>.debug_line</name>
         <load_address>0x21dc</load_address>
         <run_address>0x21dc</run_address>
         <size>0x5c</size>
         <input_file_ref idref="fl-d3"/>
      </object_component>
      <object_component id="oc-53">
         <name>.debug_line</name>
         <load_address>0x2238</load_address>
         <run_address>0x2238</run_address>
         <size>0xa3</size>
         <input_file_ref idref="fl-d3"/>
      </object_component>
      <object_component id="oc-13">
         <name>.debug_line</name>
         <load_address>0x22db</load_address>
         <run_address>0x22db</run_address>
         <size>0x4b</size>
         <input_file_ref idref="fl-d3"/>
      </object_component>
      <object_component id="oc-5b">
         <name>.debug_line</name>
         <load_address>0x2326</load_address>
         <run_address>0x2326</run_address>
         <size>0x39</size>
         <input_file_ref idref="fl-d3"/>
      </object_component>
      <object_component id="oc-c2">
         <name>.debug_line</name>
         <load_address>0x235f</load_address>
         <run_address>0x235f</run_address>
         <size>0x5c</size>
         <input_file_ref idref="fl-d3"/>
      </object_component>
      <object_component id="oc-17e">
         <name>.debug_line</name>
         <load_address>0x23bb</load_address>
         <run_address>0x23bb</run_address>
         <size>0x6a</size>
         <input_file_ref idref="fl-d5"/>
      </object_component>
      <object_component id="oc-ea">
         <name>.debug_line</name>
         <load_address>0x2425</load_address>
         <run_address>0x2425</run_address>
         <size>0x78</size>
         <input_file_ref idref="fl-d5"/>
      </object_component>
      <object_component id="oc-182">
         <name>.debug_line</name>
         <load_address>0x249d</load_address>
         <run_address>0x249d</run_address>
         <size>0x2e</size>
         <input_file_ref idref="fl-d5"/>
      </object_component>
      <object_component id="oc-177">
         <name>.debug_line</name>
         <load_address>0x24cb</load_address>
         <run_address>0x24cb</run_address>
         <size>0x96</size>
         <input_file_ref idref="fl-d6"/>
      </object_component>
      <object_component id="oc-16b">
         <name>.debug_line</name>
         <load_address>0x2561</load_address>
         <run_address>0x2561</run_address>
         <size>0x2a</size>
         <input_file_ref idref="fl-d6"/>
      </object_component>
      <object_component id="oc-96">
         <name>.debug_line</name>
         <load_address>0x258b</load_address>
         <run_address>0x258b</run_address>
         <size>0x86</size>
         <input_file_ref idref="fl-d6"/>
      </object_component>
      <object_component id="oc-48">
         <name>.debug_line</name>
         <load_address>0x2611</load_address>
         <run_address>0x2611</run_address>
         <size>0x9a</size>
         <input_file_ref idref="fl-d7"/>
      </object_component>
      <object_component id="oc-61">
         <name>.debug_line</name>
         <load_address>0x26ab</load_address>
         <run_address>0x26ab</run_address>
         <size>0x73</size>
         <input_file_ref idref="fl-d8"/>
      </object_component>
      <object_component id="oc-f2">
         <name>.debug_line</name>
         <load_address>0x271e</load_address>
         <run_address>0x271e</run_address>
         <size>0x3c</size>
         <input_file_ref idref="fl-d9"/>
      </object_component>
      <object_component id="oc-186">
         <name>.debug_line</name>
         <load_address>0x275a</load_address>
         <run_address>0x275a</run_address>
         <size>0x20</size>
         <input_file_ref idref="fl-da"/>
      </object_component>
      <object_component id="oc-173">
         <name>.debug_line</name>
         <load_address>0x277a</load_address>
         <run_address>0x277a</run_address>
         <size>0x2b</size>
         <input_file_ref idref="fl-da"/>
      </object_component>
      <object_component id="oc-16d">
         <name>.debug_line</name>
         <load_address>0x27a5</load_address>
         <run_address>0x27a5</run_address>
         <size>0x64</size>
         <input_file_ref idref="fl-da"/>
      </object_component>
      <object_component id="oc-178">
         <name>.debug_abbrev</name>
         <load_address>0x0</load_address>
         <run_address>0x0</run_address>
         <size>0x52</size>
         <input_file_ref idref="fl-2"/>
      </object_component>
      <object_component id="oc-d2">
         <name>.debug_abbrev</name>
         <load_address>0x52</load_address>
         <run_address>0x52</run_address>
         <size>0xba</size>
         <input_file_ref idref="fl-2"/>
      </object_component>
      <object_component id="oc-9b">
         <name>.debug_abbrev</name>
         <load_address>0x10c</load_address>
         <run_address>0x10c</run_address>
         <size>0x5a</size>
         <input_file_ref idref="fl-2"/>
      </object_component>
      <object_component id="oc-d7">
         <name>.debug_abbrev</name>
         <load_address>0x166</load_address>
         <run_address>0x166</run_address>
         <size>0x1f</size>
         <input_file_ref idref="fl-2"/>
      </object_component>
      <object_component id="oc-a7">
         <name>.debug_abbrev</name>
         <load_address>0x185</load_address>
         <run_address>0x185</run_address>
         <size>0x7c</size>
         <input_file_ref idref="fl-2"/>
      </object_component>
      <object_component id="oc-103">
         <name>.debug_abbrev</name>
         <load_address>0x201</load_address>
         <run_address>0x201</run_address>
         <size>0x35</size>
         <input_file_ref idref="fl-2"/>
      </object_component>
      <object_component id="oc-ac">
         <name>.debug_abbrev</name>
         <load_address>0x236</load_address>
         <run_address>0x236</run_address>
         <size>0x55</size>
         <input_file_ref idref="fl-2"/>
      </object_component>
      <object_component id="oc-10a">
         <name>.debug_abbrev</name>
         <load_address>0x28b</load_address>
         <run_address>0x28b</run_address>
         <size>0x4b</size>
         <input_file_ref idref="fl-2"/>
      </object_component>
      <object_component id="oc-14c">
         <name>.debug_abbrev</name>
         <load_address>0x2d6</load_address>
         <run_address>0x2d6</run_address>
         <size>0x4b</size>
         <input_file_ref idref="fl-2"/>
      </object_component>
      <object_component id="oc-10f">
         <name>.debug_abbrev</name>
         <load_address>0x321</load_address>
         <run_address>0x321</run_address>
         <size>0x4b</size>
         <input_file_ref idref="fl-2"/>
      </object_component>
      <object_component id="oc-114">
         <name>.debug_abbrev</name>
         <load_address>0x36c</load_address>
         <run_address>0x36c</run_address>
         <size>0x4b</size>
         <input_file_ref idref="fl-2"/>
      </object_component>
      <object_component id="oc-119">
         <name>.debug_abbrev</name>
         <load_address>0x3b7</load_address>
         <run_address>0x3b7</run_address>
         <size>0x4b</size>
         <input_file_ref idref="fl-2"/>
      </object_component>
      <object_component id="oc-11e">
         <name>.debug_abbrev</name>
         <load_address>0x402</load_address>
         <run_address>0x402</run_address>
         <size>0x4b</size>
         <input_file_ref idref="fl-2"/>
      </object_component>
      <object_component id="oc-123">
         <name>.debug_abbrev</name>
         <load_address>0x44d</load_address>
         <run_address>0x44d</run_address>
         <size>0x5c</size>
         <input_file_ref idref="fl-2"/>
      </object_component>
      <object_component id="oc-128">
         <name>.debug_abbrev</name>
         <load_address>0x4a9</load_address>
         <run_address>0x4a9</run_address>
         <size>0x4b</size>
         <input_file_ref idref="fl-2"/>
      </object_component>
      <object_component id="oc-159">
         <name>.debug_abbrev</name>
         <load_address>0x4f4</load_address>
         <run_address>0x4f4</run_address>
         <size>0x79</size>
         <input_file_ref idref="fl-4"/>
      </object_component>
      <object_component id="oc-e1">
         <name>.debug_abbrev</name>
         <load_address>0x56d</load_address>
         <run_address>0x56d</run_address>
         <size>0xc8</size>
         <input_file_ref idref="fl-4"/>
      </object_component>
      <object_component id="oc-98">
         <name>.debug_abbrev</name>
         <load_address>0x635</load_address>
         <run_address>0x635</run_address>
         <size>0x6f</size>
         <input_file_ref idref="fl-4"/>
      </object_component>
      <object_component id="oc-e5">
         <name>.debug_abbrev</name>
         <load_address>0x6a4</load_address>
         <run_address>0x6a4</run_address>
         <size>0x6b</size>
         <input_file_ref idref="fl-4"/>
      </object_component>
      <object_component id="oc-190">
         <name>.debug_abbrev</name>
         <load_address>0x70f</load_address>
         <run_address>0x70f</run_address>
         <size>0x55</size>
         <input_file_ref idref="fl-6"/>
      </object_component>
      <object_component id="oc-194">
         <name>.debug_abbrev</name>
         <load_address>0x764</load_address>
         <run_address>0x764</run_address>
         <size>0x3a</size>
         <input_file_ref idref="fl-6"/>
      </object_component>
      <object_component id="oc-151">
         <name>.debug_abbrev</name>
         <load_address>0x79e</load_address>
         <run_address>0x79e</run_address>
         <size>0x4b</size>
         <input_file_ref idref="fl-6"/>
      </object_component>
      <object_component id="oc-199">
         <name>.debug_abbrev</name>
         <load_address>0x7e9</load_address>
         <run_address>0x7e9</run_address>
         <size>0x7a</size>
         <input_file_ref idref="fl-6"/>
      </object_component>
      <object_component id="oc-13e">
         <name>.debug_abbrev</name>
         <load_address>0x863</load_address>
         <run_address>0x863</run_address>
         <size>0x44</size>
         <input_file_ref idref="fl-8"/>
      </object_component>
      <object_component id="oc-da">
         <name>.debug_abbrev</name>
         <load_address>0x8a7</load_address>
         <run_address>0x8a7</run_address>
         <size>0x5e</size>
         <input_file_ref idref="fl-8"/>
      </object_component>
      <object_component id="oc-142">
         <name>.debug_abbrev</name>
         <load_address>0x905</load_address>
         <run_address>0x905</run_address>
         <size>0x5a</size>
         <input_file_ref idref="fl-8"/>
      </object_component>
      <object_component id="oc-147">
         <name>.debug_abbrev</name>
         <load_address>0x95f</load_address>
         <run_address>0x95f</run_address>
         <size>0x7f</size>
         <input_file_ref idref="fl-8"/>
      </object_component>
      <object_component id="oc-de">
         <name>.debug_abbrev</name>
         <load_address>0x9de</load_address>
         <run_address>0x9de</run_address>
         <size>0x6b</size>
         <input_file_ref idref="fl-8"/>
      </object_component>
      <object_component id="oc-156">
         <name>.debug_abbrev</name>
         <load_address>0xa49</load_address>
         <run_address>0xa49</run_address>
         <size>0x4b</size>
         <input_file_ref idref="fl-8"/>
      </object_component>
      <object_component id="oc-18e">
         <name>.debug_abbrev</name>
         <load_address>0xa94</load_address>
         <run_address>0xa94</run_address>
         <size>0x3b</size>
         <input_file_ref idref="fl-9"/>
      </object_component>
      <object_component id="oc-131">
         <name>.debug_abbrev</name>
         <load_address>0xacf</load_address>
         <run_address>0xacf</run_address>
         <size>0x50</size>
         <input_file_ref idref="fl-9"/>
      </object_component>
      <object_component id="oc-13b">
         <name>.debug_abbrev</name>
         <load_address>0xb1f</load_address>
         <run_address>0xb1f</run_address>
         <size>0x4b</size>
         <input_file_ref idref="fl-9"/>
      </object_component>
      <object_component id="oc-c7">
         <name>.debug_abbrev</name>
         <load_address>0xb6a</load_address>
         <run_address>0xb6a</run_address>
         <size>0x44</size>
         <input_file_ref idref="fl-c"/>
      </object_component>
      <object_component id="oc-a1">
         <name>.debug_abbrev</name>
         <load_address>0xbae</load_address>
         <run_address>0xbae</run_address>
         <size>0x38</size>
         <input_file_ref idref="fl-e"/>
      </object_component>
      <object_component id="oc-f7">
         <name>.debug_abbrev</name>
         <load_address>0xbe6</load_address>
         <run_address>0xbe6</run_address>
         <size>0x50</size>
         <input_file_ref idref="fl-f"/>
      </object_component>
      <object_component id="oc-e8">
         <name>.debug_abbrev</name>
         <load_address>0xc36</load_address>
         <run_address>0xc36</run_address>
         <size>0x36</size>
         <input_file_ref idref="fl-10"/>
      </object_component>
      <object_component id="oc-187">
         <name>.debug_abbrev</name>
         <load_address>0xc6c</load_address>
         <run_address>0xc6c</run_address>
         <size>0x52</size>
         <input_file_ref idref="fl-11"/>
      </object_component>
      <object_component id="oc-18b">
         <name>.debug_abbrev</name>
         <load_address>0xcbe</load_address>
         <run_address>0xcbe</run_address>
         <size>0x42</size>
         <input_file_ref idref="fl-11"/>
      </object_component>
      <object_component id="oc-136">
         <name>.debug_abbrev</name>
         <load_address>0xd00</load_address>
         <run_address>0xd00</run_address>
         <size>0x5a</size>
         <input_file_ref idref="fl-11"/>
      </object_component>
      <object_component id="oc-a2">
         <name>.debug_abbrev</name>
         <load_address>0xd5a</load_address>
         <run_address>0xd5a</run_address>
         <size>0x53</size>
         <input_file_ref idref="fl-12"/>
      </object_component>
      <object_component id="oc-97">
         <name>.debug_abbrev</name>
         <load_address>0xdad</load_address>
         <run_address>0xdad</run_address>
         <size>0x55</size>
         <input_file_ref idref="fl-15"/>
      </object_component>
      <object_component id="oc-106">
         <name>.debug_abbrev</name>
         <load_address>0xe02</load_address>
         <run_address>0xe02</run_address>
         <size>0xa7</size>
         <input_file_ref idref="fl-16"/>
      </object_component>
      <object_component id="oc-9e">
         <name>.debug_abbrev</name>
         <load_address>0xea9</load_address>
         <run_address>0xea9</run_address>
         <size>0x27</size>
         <input_file_ref idref="fl-16"/>
      </object_component>
      <object_component id="oc-a4">
         <name>.debug_abbrev</name>
         <load_address>0xed0</load_address>
         <run_address>0xed0</run_address>
         <size>0x99</size>
         <input_file_ref idref="fl-16"/>
      </object_component>
      <object_component id="oc-a3">
         <name>.debug_abbrev</name>
         <load_address>0xf69</load_address>
         <run_address>0xf69</run_address>
         <size>0x6f</size>
         <input_file_ref idref="fl-16"/>
      </object_component>
      <object_component id="oc-12d">
         <name>.debug_abbrev</name>
         <load_address>0xfd8</load_address>
         <run_address>0xfd8</run_address>
         <size>0x4b</size>
         <input_file_ref idref="fl-16"/>
      </object_component>
      <object_component id="oc-132">
         <name>.debug_abbrev</name>
         <load_address>0x1023</load_address>
         <run_address>0x1023</run_address>
         <size>0x7a</size>
         <input_file_ref idref="fl-17"/>
      </object_component>
      <object_component id="oc-ce">
         <name>.debug_abbrev</name>
         <load_address>0x109d</load_address>
         <run_address>0x109d</run_address>
         <size>0x114</size>
         <input_file_ref idref="fl-17"/>
      </object_component>
      <object_component id="oc-15e">
         <name>.debug_abbrev</name>
         <load_address>0x11b1</load_address>
         <run_address>0x11b1</run_address>
         <size>0xae</size>
         <input_file_ref idref="fl-d1"/>
      </object_component>
      <object_component id="oc-f5">
         <name>.debug_abbrev</name>
         <load_address>0x125f</load_address>
         <run_address>0x125f</run_address>
         <size>0x7e</size>
         <input_file_ref idref="fl-d1"/>
      </object_component>
      <object_component id="oc-b9">
         <name>.debug_abbrev</name>
         <load_address>0x12dd</load_address>
         <run_address>0x12dd</run_address>
         <size>0x1f</size>
         <input_file_ref idref="fl-d1"/>
      </object_component>
      <object_component id="oc-162">
         <name>.debug_abbrev</name>
         <load_address>0x12fc</load_address>
         <run_address>0x12fc</run_address>
         <size>0x24</size>
         <input_file_ref idref="fl-d1"/>
      </object_component>
      <object_component id="oc-167">
         <name>.debug_abbrev</name>
         <load_address>0x1320</load_address>
         <run_address>0x1320</run_address>
         <size>0x4b</size>
         <input_file_ref idref="fl-d1"/>
      </object_component>
      <object_component id="oc-b5">
         <name>.debug_abbrev</name>
         <load_address>0x136b</load_address>
         <run_address>0x136b</run_address>
         <size>0x52</size>
         <input_file_ref idref="fl-d2"/>
      </object_component>
      <object_component id="oc-49">
         <name>.debug_abbrev</name>
         <load_address>0x13bd</load_address>
         <run_address>0x13bd</run_address>
         <size>0x74</size>
         <input_file_ref idref="fl-d2"/>
      </object_component>
      <object_component id="oc-4c">
         <name>.debug_abbrev</name>
         <load_address>0x1431</load_address>
         <run_address>0x1431</run_address>
         <size>0x24</size>
         <input_file_ref idref="fl-d2"/>
      </object_component>
      <object_component id="oc-b2">
         <name>.debug_abbrev</name>
         <load_address>0x1455</load_address>
         <run_address>0x1455</run_address>
         <size>0x24</size>
         <input_file_ref idref="fl-d2"/>
      </object_component>
      <object_component id="oc-bd">
         <name>.debug_abbrev</name>
         <load_address>0x1479</load_address>
         <run_address>0x1479</run_address>
         <size>0x52</size>
         <input_file_ref idref="fl-d3"/>
      </object_component>
      <object_component id="oc-bc">
         <name>.debug_abbrev</name>
         <load_address>0x14cb</load_address>
         <run_address>0x14cb</run_address>
         <size>0x7b</size>
         <input_file_ref idref="fl-d3"/>
      </object_component>
      <object_component id="oc-56">
         <name>.debug_abbrev</name>
         <load_address>0x1546</load_address>
         <run_address>0x1546</run_address>
         <size>0x66</size>
         <input_file_ref idref="fl-d3"/>
      </object_component>
      <object_component id="oc-5a">
         <name>.debug_abbrev</name>
         <load_address>0x15ac</load_address>
         <run_address>0x15ac</run_address>
         <size>0x24</size>
         <input_file_ref idref="fl-d3"/>
      </object_component>
      <object_component id="oc-c1">
         <name>.debug_abbrev</name>
         <load_address>0x15d0</load_address>
         <run_address>0x15d0</run_address>
         <size>0x24</size>
         <input_file_ref idref="fl-d3"/>
      </object_component>
      <object_component id="oc-17d">
         <name>.debug_abbrev</name>
         <load_address>0x15f4</load_address>
         <run_address>0x15f4</run_address>
         <size>0x9c</size>
         <input_file_ref idref="fl-d5"/>
      </object_component>
      <object_component id="oc-15b">
         <name>.debug_abbrev</name>
         <load_address>0x1690</load_address>
         <run_address>0x1690</run_address>
         <size>0x8c</size>
         <input_file_ref idref="fl-d5"/>
      </object_component>
      <object_component id="oc-181">
         <name>.debug_abbrev</name>
         <load_address>0x171c</load_address>
         <run_address>0x171c</run_address>
         <size>0x24</size>
         <input_file_ref idref="fl-d5"/>
      </object_component>
      <object_component id="oc-176">
         <name>.debug_abbrev</name>
         <load_address>0x1740</load_address>
         <run_address>0x1740</run_address>
         <size>0xa8</size>
         <input_file_ref idref="fl-d6"/>
      </object_component>
      <object_component id="oc-16a">
         <name>.debug_abbrev</name>
         <load_address>0x17e8</load_address>
         <run_address>0x17e8</run_address>
         <size>0x29</size>
         <input_file_ref idref="fl-d6"/>
      </object_component>
      <object_component id="oc-fe">
         <name>.debug_abbrev</name>
         <load_address>0x1811</load_address>
         <run_address>0x1811</run_address>
         <size>0xba</size>
         <input_file_ref idref="fl-d6"/>
      </object_component>
      <object_component id="oc-af">
         <name>.debug_abbrev</name>
         <load_address>0x18cb</load_address>
         <run_address>0x18cb</run_address>
         <size>0x4c</size>
         <input_file_ref idref="fl-d7"/>
      </object_component>
      <object_component id="oc-c4">
         <name>.debug_abbrev</name>
         <load_address>0x1917</load_address>
         <run_address>0x1917</run_address>
         <size>0x51</size>
         <input_file_ref idref="fl-d8"/>
      </object_component>
      <object_component id="oc-15d">
         <name>.debug_abbrev</name>
         <load_address>0x1968</load_address>
         <run_address>0x1968</run_address>
         <size>0x53</size>
         <input_file_ref idref="fl-d9"/>
      </object_component>
      <object_component id="oc-185">
         <name>.debug_abbrev</name>
         <load_address>0x19bb</load_address>
         <run_address>0x19bb</run_address>
         <size>0x45</size>
         <input_file_ref idref="fl-da"/>
      </object_component>
      <object_component id="oc-172">
         <name>.debug_abbrev</name>
         <load_address>0x1a00</load_address>
         <run_address>0x1a00</run_address>
         <size>0x29</size>
         <input_file_ref idref="fl-da"/>
      </object_component>
      <object_component id="oc-184">
         <name>.debug_abbrev</name>
         <load_address>0x1a29</load_address>
         <run_address>0x1a29</run_address>
         <size>0x6f</size>
         <input_file_ref idref="fl-da"/>
      </object_component>
      <object_component id="oc-1bc">
         <name>.debug_abbrev</name>
         <load_address>0x1a98</load_address>
         <run_address>0x1a98</run_address>
         <size>0xf</size>
      </object_component>
      <object_component id="oc-d4">
         <name>.debug_str</name>
         <load_address>0x0</load_address>
         <run_address>0x0</run_address>
         <size>0x470</size>
         <input_file_ref idref="fl-2"/>
      </object_component>
      <object_component id="oc-9d">
         <name>.debug_str</name>
         <load_address>0x470</load_address>
         <run_address>0x470</run_address>
         <size>0x1ac</size>
         <input_file_ref idref="fl-2"/>
      </object_component>
      <object_component id="oc-d9">
         <name>.debug_str</name>
         <load_address>0x61c</load_address>
         <run_address>0x61c</run_address>
         <size>0xfb</size>
         <input_file_ref idref="fl-2"/>
      </object_component>
      <object_component id="oc-a9">
         <name>.debug_str</name>
         <load_address>0x717</load_address>
         <run_address>0x717</run_address>
         <size>0x230</size>
         <input_file_ref idref="fl-2"/>
      </object_component>
      <object_component id="oc-105">
         <name>.debug_str</name>
         <load_address>0x947</load_address>
         <run_address>0x947</run_address>
         <size>0x21e</size>
         <input_file_ref idref="fl-2"/>
      </object_component>
      <object_component id="oc-ae">
         <name>.debug_str</name>
         <load_address>0xb65</load_address>
         <run_address>0xb65</run_address>
         <size>0x15a</size>
         <input_file_ref idref="fl-2"/>
      </object_component>
      <object_component id="oc-10c">
         <name>.debug_str</name>
         <load_address>0xcbf</load_address>
         <run_address>0xcbf</run_address>
         <size>0x14a</size>
         <input_file_ref idref="fl-2"/>
      </object_component>
      <object_component id="oc-14e">
         <name>.debug_str</name>
         <load_address>0xe09</load_address>
         <run_address>0xe09</run_address>
         <size>0x169</size>
         <input_file_ref idref="fl-2"/>
      </object_component>
      <object_component id="oc-111">
         <name>.debug_str</name>
         <load_address>0xf72</load_address>
         <run_address>0xf72</run_address>
         <size>0x19a</size>
         <input_file_ref idref="fl-2"/>
      </object_component>
      <object_component id="oc-116">
         <name>.debug_str</name>
         <load_address>0x110c</load_address>
         <run_address>0x110c</run_address>
         <size>0x2bb</size>
         <input_file_ref idref="fl-2"/>
      </object_component>
      <object_component id="oc-11b">
         <name>.debug_str</name>
         <load_address>0x13c7</load_address>
         <run_address>0x13c7</run_address>
         <size>0x16e</size>
         <input_file_ref idref="fl-2"/>
      </object_component>
      <object_component id="oc-120">
         <name>.debug_str</name>
         <load_address>0x1535</load_address>
         <run_address>0x1535</run_address>
         <size>0x191</size>
         <input_file_ref idref="fl-2"/>
      </object_component>
      <object_component id="oc-125">
         <name>.debug_str</name>
         <load_address>0x16c6</load_address>
         <run_address>0x16c6</run_address>
         <size>0x36b</size>
         <input_file_ref idref="fl-2"/>
      </object_component>
      <object_component id="oc-12a">
         <name>.debug_str</name>
         <load_address>0x1a31</load_address>
         <run_address>0x1a31</run_address>
         <size>0x26f</size>
         <input_file_ref idref="fl-2"/>
      </object_component>
      <object_component id="oc-e7">
         <name>.debug_str</name>
         <load_address>0x1ca0</load_address>
         <run_address>0x1ca0</run_address>
         <size>0x1fa</size>
         <input_file_ref idref="fl-4"/>
      </object_component>
      <object_component id="oc-196">
         <name>.debug_str</name>
         <load_address>0x1e9a</load_address>
         <run_address>0x1e9a</run_address>
         <size>0xc9</size>
         <input_file_ref idref="fl-6"/>
      </object_component>
      <object_component id="oc-153">
         <name>.debug_str</name>
         <load_address>0x1f63</load_address>
         <run_address>0x1f63</run_address>
         <size>0x16d</size>
         <input_file_ref idref="fl-6"/>
      </object_component>
      <object_component id="oc-19b">
         <name>.debug_str</name>
         <load_address>0x20d0</load_address>
         <run_address>0x20d0</run_address>
         <size>0x3d2</size>
         <input_file_ref idref="fl-6"/>
      </object_component>
      <object_component id="oc-144">
         <name>.debug_str</name>
         <load_address>0x24a2</load_address>
         <run_address>0x24a2</run_address>
         <size>0x1f0</size>
         <input_file_ref idref="fl-8"/>
      </object_component>
      <object_component id="oc-149">
         <name>.debug_str</name>
         <load_address>0x2692</load_address>
         <run_address>0x2692</run_address>
         <size>0x4d5</size>
         <input_file_ref idref="fl-8"/>
      </object_component>
      <object_component id="oc-e0">
         <name>.debug_str</name>
         <load_address>0x2b67</load_address>
         <run_address>0x2b67</run_address>
         <size>0x790</size>
         <input_file_ref idref="fl-8"/>
      </object_component>
      <object_component id="oc-158">
         <name>.debug_str</name>
         <load_address>0x32f7</load_address>
         <run_address>0x32f7</run_address>
         <size>0x189</size>
         <input_file_ref idref="fl-8"/>
      </object_component>
      <object_component id="oc-13d">
         <name>.debug_str</name>
         <load_address>0x3480</load_address>
         <run_address>0x3480</run_address>
         <size>0x1c0</size>
         <input_file_ref idref="fl-9"/>
      </object_component>
      <object_component id="oc-18d">
         <name>.debug_str</name>
         <load_address>0x3640</load_address>
         <run_address>0x3640</run_address>
         <size>0x54a</size>
         <input_file_ref idref="fl-11"/>
      </object_component>
      <object_component id="oc-138">
         <name>.debug_str</name>
         <load_address>0x3b8a</load_address>
         <run_address>0x3b8a</run_address>
         <size>0x2fb</size>
         <input_file_ref idref="fl-11"/>
      </object_component>
      <object_component id="oc-12f">
         <name>.debug_str</name>
         <load_address>0x3e85</load_address>
         <run_address>0x3e85</run_address>
         <size>0xc2</size>
         <input_file_ref idref="fl-16"/>
      </object_component>
      <object_component id="oc-bb">
         <name>.debug_str</name>
         <load_address>0x3f47</load_address>
         <run_address>0x3f47</run_address>
         <size>0xfb</size>
         <input_file_ref idref="fl-d1"/>
      </object_component>
      <object_component id="oc-164">
         <name>.debug_str</name>
         <load_address>0x4042</load_address>
         <run_address>0x4042</run_address>
         <size>0xb3</size>
         <input_file_ref idref="fl-d1"/>
      </object_component>
      <object_component id="oc-169">
         <name>.debug_str</name>
         <load_address>0x40f5</load_address>
         <run_address>0x40f5</run_address>
         <size>0x127</size>
         <input_file_ref idref="fl-d1"/>
      </object_component>
      <object_component id="oc-4e">
         <name>.debug_str</name>
         <load_address>0x421c</load_address>
         <run_address>0x421c</run_address>
         <size>0xd1</size>
         <input_file_ref idref="fl-d2"/>
      </object_component>
      <object_component id="oc-b4">
         <name>.debug_str</name>
         <load_address>0x42ed</load_address>
         <run_address>0x42ed</run_address>
         <size>0xd0</size>
         <input_file_ref idref="fl-d2"/>
      </object_component>
      <object_component id="oc-5c">
         <name>.debug_str</name>
         <load_address>0x43bd</load_address>
         <run_address>0x43bd</run_address>
         <size>0xc3</size>
         <input_file_ref idref="fl-d3"/>
      </object_component>
      <object_component id="oc-c3">
         <name>.debug_str</name>
         <load_address>0x4480</load_address>
         <run_address>0x4480</run_address>
         <size>0xd0</size>
         <input_file_ref idref="fl-d3"/>
      </object_component>
      <object_component id="oc-183">
         <name>.debug_str</name>
         <load_address>0x4550</load_address>
         <run_address>0x4550</run_address>
         <size>0xa8</size>
         <input_file_ref idref="fl-d5"/>
      </object_component>
      <object_component id="oc-d1">
         <name>.debug_pubtypes</name>
         <load_address>0x0</load_address>
         <run_address>0x0</run_address>
         <size>0x7d</size>
         <input_file_ref idref="fl-2"/>
      </object_component>
      <object_component id="oc-9a">
         <name>.debug_pubtypes</name>
         <load_address>0x7d</load_address>
         <run_address>0x7d</run_address>
         <size>0xc6</size>
         <input_file_ref idref="fl-2"/>
      </object_component>
      <object_component id="oc-d6">
         <name>.debug_pubtypes</name>
         <load_address>0x143</load_address>
         <run_address>0x143</run_address>
         <size>0xff</size>
         <input_file_ref idref="fl-2"/>
      </object_component>
      <object_component id="oc-a6">
         <name>.debug_pubtypes</name>
         <load_address>0x242</load_address>
         <run_address>0x242</run_address>
         <size>0x75</size>
         <input_file_ref idref="fl-2"/>
      </object_component>
[...]
         <object_component_ref idref="oc-7a"/>
      </symbol>
      <symbol id="sm-c9">
         <name>esmSelfTestStatus</name>
         <value>0x10e4</value>
         <object_component_ref idref="oc-7a"/>
      </symbol>
      <symbol id="sm-ca">
         <name>esmGetStatusBuffer</name>
         <value>0x11bc</value>
         <object_component_ref idref="oc-7a"/>
      </symbol>
      <symbol id="sm-cb">
         <name>esmDisableInterruptUpper</name>
         <value>0x1338</value>
         <object_component_ref idref="oc-7a"/>
      </symbol>
      <symbol id="sm-cc">
         <name>esmDisableError</name>
         <value>0x1368</value>
         <object_component_ref idref="oc-7a"/>
      </symbol>
      <symbol id="sm-cd">
         <name>esmEnterSelfTest</name>
         <value>0x12ac</value>
         <object_component_ref idref="oc-7a"/>
      </symbol>
      <symbol id="sm-ce">
         <name>esmError</name>
         <value>0x12a0</value>
         <object_component_ref idref="oc-7a"/>
      </symbol>
      <symbol id="sm-cf">
         <name>esmSetCounterPreloadValue</name>
         <value>0x10d4</value>
         <object_component_ref idref="oc-7a"/>
      </symbol>
      <symbol id="sm-d0">
         <name>esmSetInterruptLevel</name>
         <value>0x1088</value>
         <object_component_ref idref="oc-7a"/>
      </symbol>
      <symbol id="sm-d1">
         <name>esmHighInterrupt</name>
         <value>0x1e54</value>
         <object_component_ref idref="oc-24"/>
      </symbol>
      <symbol id="sm-d2">
         <name>esmGetStatusUpper</name>
         <value>0x11a4</value>
         <object_component_ref idref="oc-7a"/>
      </symbol>
      <symbol id="sm-d3">
         <name>esmClearStatusBuffer</name>
         <value>0x138c</value>
         <object_component_ref idref="oc-7a"/>
      </symbol>
      <symbol id="sm-d4">
         <name>esmSetInterruptLevelUpper</name>
         <value>0x106c</value>
         <object_component_ref idref="oc-7a"/>
      </symbol>
      <symbol id="sm-d5">
         <name>esmEnableInterrupt</name>
         <value>0x12fc</value>
         <object_component_ref idref="oc-7a"/>
      </symbol>
      <symbol id="sm-d6">
         <name>esmActivateNormalOperation</name>
         <value>0x13b8</value>
         <object_component_ref idref="oc-7a"/>
      </symbol>
      <symbol id="sm-d7">
         <name>esmEnableError</name>
         <value>0x1320</value>
         <object_component_ref idref="oc-7a"/>
      </symbol>
      <symbol id="sm-d8">
         <name>esmTriggerErrorPinReset</name>
         <value>0x105c</value>
         <object_component_ref idref="oc-7a"/>
      </symbol>
      <symbol id="sm-d9">
         <name>esmDisableInterrupt</name>
         <value>0x1344</value>
         <object_component_ref idref="oc-7a"/>
      </symbol>
      <symbol id="sm-da">
         <name>esmGetConfigValue</name>
         <value>0x1204</value>
         <object_component_ref idref="oc-7a"/>
      </symbol>
      <symbol id="sm-119">
         <name>sciNotification</name>
         <value>0x22d0</value>
         <object_component_ref idref="oc-74"/>
      </symbol>
      <symbol id="sm-11a">
         <name>rtiNotification</name>
         <value>0x22d4</value>
         <object_component_ref idref="oc-74"/>
      </symbol>
      <symbol id="sm-11b">
         <name>epcFIFOFullNotification</name>
         <value>0x22e8</value>
         <object_component_ref idref="oc-74"/>
      </symbol>
      <symbol id="sm-11c">
         <name>esmGroup2Notification</name>
         <value>0x22e0</value>
         <object_component_ref idref="oc-74"/>
      </symbol>
      <symbol id="sm-11d">
         <name>epcCAMFullNotification</name>
         <value>0x22ec</value>
         <object_component_ref idref="oc-74"/>
      </symbol>
      <symbol id="sm-11e">
         <name>esmGroup1Notification</name>
         <value>0x22e4</value>
         <object_component_ref idref="oc-74"/>
      </symbol>
      <symbol id="sm-11f">
         <name>esmGroup3Notification</name>
         <value>0x22dc</value>
         <object_component_ref idref="oc-74"/>
      </symbol>
      <symbol id="sm-120">
         <name>i2cNotification</name>
         <value>0x22d8</value>
         <object_component_ref idref="oc-74"/>
      </symbol>
      <symbol id="sm-121">
         <name>dmaGroupANotification</name>
         <value>0x22f0</value>
         <object_component_ref idref="oc-74"/>
      </symbol>
      <symbol id="sm-143">
         <name>muxInit</name>
         <value>0xb5c</value>
         <object_component_ref idref="oc-c8"/>
      </symbol>
      <symbol id="sm-171">
         <name>_iCacheInvalidate_</name>
         <value>0x17d4</value>
         <object_component_ref idref="oc-69"/>
      </symbol>
      <symbol id="sm-172">
         <name>_disable_IRQ_interrupt_</name>
         <value>0x1670</value>
         <object_component_ref idref="oc-69"/>
      </symbol>
      <symbol id="sm-173">
         <name>_coreGetInstructionFaultAddress_</name>
         <value>0x1634</value>
         <object_component_ref idref="oc-69"/>
      </symbol>
      <symbol id="sm-174">
         <name>_coreGetDataFault_</name>
         <value>0x15f8</value>
         <object_component_ref idref="oc-69"/>
      </symbol>
      <symbol id="sm-175">
         <name>_coreDisableEventBusExport_</name>
         <value>0x15d8</value>
         <object_component_ref idref="oc-69"/>
      </symbol>
      <symbol id="sm-176">
         <name>_coreClearDataFaultAddress_</name>
         <value>0x1628</value>
         <object_component_ref idref="oc-69"/>
      </symbol>
      <symbol id="sm-177">
         <name>__TI_PINIT_Base</name>
         <value>0x17e8</value>
         <object_component_ref idref="oc-69"/>
      </symbol>
      <symbol id="sm-178">
         <name>_coreInitRegisters_</name>
         <value>0x1438</value>
         <object_component_ref idref="oc-69"/>
      </symbol>
      <symbol id="sm-179">
         <name>_coreClearInstructionFaultAddress_</name>
         <value>0x163c</value>
         <object_component_ref idref="oc-69"/>
      </symbol>
      <symbol id="sm-17a">
         <name>_coreClearDataFault_</name>
         <value>0x1600</value>
         <object_component_ref idref="oc-69"/>
      </symbol>
      <symbol id="sm-17b">
         <name>_coreGetAuxiliaryDataFault_</name>
         <value>0x1648</value>
         <object_component_ref idref="oc-69"/>
      </symbol>
      <symbol id="sm-17c">
         <name>_enable_interrupt_</name>
         <value>0x1680</value>
         <object_component_ref idref="oc-69"/>
      </symbol>
      <symbol id="sm-17d">
         <name>_coreClearAuxiliaryInstructionFault_</name>
         <value>0x1664</value>
         <object_component_ref idref="oc-69"/>
      </symbol>
      <symbol id="sm-17e">
         <name>_memInit_</name>
         <value>0x1710</value>
         <object_component_ref idref="oc-69"/>
      </symbol>
      <symbol id="sm-17f">
         <name>_dCacheInvalidate_</name>
         <value>0x17c0</value>
         <object_component_ref idref="oc-69"/>
      </symbol>
      <symbol id="sm-180">
         <name>_coreGetDataFaultAddress_</name>
         <value>0x1620</value>
         <object_component_ref idref="oc-69"/>
      </symbol>
      <symbol id="sm-181">
         <name>_coreClearInstructionFault_</name>
         <value>0x1614</value>
         <object_component_ref idref="oc-69"/>
      </symbol>
      <symbol id="sm-182">
         <name>_getCPSRValue_</name>
         <value>0x1590</value>
         <object_component_ref idref="oc-69"/>
      </symbol>
      <symbol id="sm-183">
         <name>_cacheDisable_</name>
         <value>0x179c</value>
         <object_component_ref idref="oc-69"/>
      </symbol>
      <symbol id="sm-184">
         <name>_enable_IRQ_interrupt_</name>
         <value>0x1678</value>
         <object_component_ref idref="oc-69"/>
      </symbol>
      <symbol id="sm-185">
         <name>__TI_PINIT_Limit</name>
         <value>0x17ec</value>
         <object_component_ref idref="oc-69"/>
      </symbol>
      <symbol id="sm-186">
         <name>_coreGetAuxiliaryInstructionFault_</name>
         <value>0x165c</value>
         <object_component_ref idref="oc-69"/>
      </symbol>
      <symbol id="sm-187">
         <name>_coreInitStackPointer_</name>
         <value>0x1544</value>
         <object_component_ref idref="oc-69"/>
      </symbol>
      <symbol id="sm-188">
         <name>_esmCcmErrorsClear_</name>
         <value>0x1688</value>
         <object_component_ref idref="oc-69"/>
      </symbol>
      <symbol id="sm-189">
         <name>_gotoCPUIdle_</name>
         <value>0x1598</value>
         <object_component_ref idref="oc-69"/>
      </symbol>
      <symbol id="sm-18a">
         <name>_coreEnableIrqVicOffset_</name>
         <value>0x15e8</value>
         <object_component_ref idref="oc-69"/>
      </symbol>
      <symbol id="sm-18b">
         <name>_coreGetInstructionFault_</name>
         <value>0x160c</value>
         <object_component_ref idref="oc-69"/>
      </symbol>
      <symbol id="sm-18c">
         <name>_cacheEnable_</name>
         <value>0x1764</value>
         <object_component_ref idref="oc-69"/>
      </symbol>
      <symbol id="sm-18d">
         <name>_coreEnableVfp_</name>
         <value>0x15b0</value>
         <object_component_ref idref="oc-69"/>
      </symbol>
      <symbol id="sm-18e">
         <name>_coreClearAuxiliaryDataFault_</name>
         <value>0x1650</value>
         <object_component_ref idref="oc-69"/>
      </symbol>
      <symbol id="sm-18f">
         <name>_coreEnableEventBusExport_</name>
         <value>0x15c8</value>
         <object_component_ref idref="oc-69"/>
      </symbol>
      <symbol id="sm-190">
         <name>_checkMemInitOn_</name>
         <value>0x1744</value>
         <object_component_ref idref="oc-69"/>
      </symbol>
      <symbol id="sm-19e">
         <name>resetEntry</name>
         <value>0x0</value>
         <object_component_ref idref="oc-2d"/>
      </symbol>
      <symbol id="sm-1a8">
         <name>main</name>
         <value>0x2334</value>
         <object_component_ref idref="oc-8b"/>
      </symbol>
      <symbol id="sm-1c3">
         <name>_mpuSetRegionBaseAddress_</name>
         <value>0x1b20</value>
         <object_component_ref idref="oc-80"/>
      </symbol>
      <symbol id="sm-1c4">
         <name>_mpuInit_</name>
         <value>0x17f0</value>
         <object_component_ref idref="oc-80"/>
      </symbol>
      <symbol id="sm-1c5">
         <name>_mpuSetRegionSizeRegister_</name>
         <value>0x1b54</value>
         <object_component_ref idref="oc-80"/>
      </symbol>
      <symbol id="sm-1c6">
         <name>_mpuDisableBackgroundRegion_</name>
         <value>0x1ae8</value>
         <object_component_ref idref="oc-80"/>
      </symbol>
      <symbol id="sm-1c7">
         <name>_mpuSetRegionTypeAndPermission_</name>
         <value>0x1b30</value>
         <object_component_ref idref="oc-80"/>
      </symbol>
      <symbol id="sm-1c8">
         <name>_mpuGetRegionPermission_</name>
         <value>0x1b48</value>
         <object_component_ref idref="oc-80"/>
      </symbol>
      <symbol id="sm-1c9">
         <name>_mpuEnable_</name>
         <value>0x1aa8</value>
         <object_component_ref idref="oc-80"/>
      </symbol>
      <symbol id="sm-1ca">
         <name>_mpuGetNumberOfRegions_</name>
         <value>0x1af8</value>
         <object_component_ref idref="oc-80"/>
      </symbol>
      <symbol id="sm-1cb">
         <name>_mpuAreRegionsSeparate_</name>
         <value>0x1b04</value>
         <object_component_ref idref="oc-80"/>
      </symbol>
      <symbol id="sm-1cc">
         <name>_mpuEnableBackgroundRegion_</name>
         <value>0x1ad8</value>
         <object_component_ref idref="oc-80"/>
      </symbol>
      <symbol id="sm-1cd">
         <name>_mpuGetRegionType_</name>
         <value>0x1b3c</value>
         <object_component_ref idref="oc-80"/>
      </symbol>
      <symbol id="sm-1ce">
         <name>_mpuDisable_</name>
         <value>0x1ac0</value>
         <object_component_ref idref="oc-80"/>
      </symbol>
      <symbol id="sm-1cf">
         <name>_mpuGetRegionBaseAddress_</name>
         <value>0x1b28</value>
         <object_component_ref idref="oc-80"/>
      </symbol>
      <symbol id="sm-1d0">
         <name>_mpuSetRegion_</name>
         <value>0x1b10</value>
         <object_component_ref idref="oc-80"/>
      </symbol>
      <symbol id="sm-1d1">
         <name>_mpuGetRegion_</name>
         <value>0x1b18</value>
         <object_component_ref idref="oc-80"/>
      </symbol>
      <symbol id="sm-1e9">
         <name>phantomInterrupt</name>
         <value>0x2338</value>
         <object_component_ref idref="oc-32"/>
      </symbol>
      <symbol id="sm-1fc">
         <name>_c_int00</name>
         <value>0x212c</value>
         <object_component_ref idref="oc-1e"/>
      </symbol>
      <symbol id="sm-265">
         <name>vimChannelMap</name>
         <value>0xa7c</value>
         <object_component_ref idref="oc-3e"/>
      </symbol>
      <symbol id="sm-266">
         <name>vimInit</name>
         <value>0x614</value>
         <object_component_ref idref="oc-3e"/>
      </symbol>
      <symbol id="sm-267">
         <name>vimEnableInterrupt</name>
         <value>0x94c</value>
         <object_component_ref idref="oc-3e"/>
      </symbol>
      <symbol id="sm-268">
         <name>vimDisableInterrupt</name>
         <value>0xa24</value>
         <object_component_ref idref="oc-3e"/>
      </symbol>
      <symbol id="sm-269">
         <name>vimGetConfigValue</name>
         <value>0x674</value>
         <object_component_ref idref="oc-3e"/>
      </symbol>
      <symbol id="sm-26a">
         <name>vimECCErrorHandler</name>
         <value>0x1cdc</value>
         <object_component_ref idref="oc-38"/>
      </symbol>
      <symbol id="sm-2a0">
         <name>systemGetConfigValue</name>
         <value>0x240</value>
         <object_component_ref idref="oc-6e"/>
      </symbol>
      <symbol id="sm-2a1">
         <name>trimLPO</name>
         <value>0x20</value>
         <object_component_ref idref="oc-6e"/>
      </symbol>
      <symbol id="sm-2a2">
         <name>systemInit</name>
         <value>0x1f8</value>
         <object_component_ref idref="oc-6e"/>
      </symbol>
      <symbol id="sm-2a3">
         <name>periphInit</name>
         <value>0xb0</value>
         <object_component_ref idref="oc-6e"/>
      </symbol>
      <symbol id="sm-2a4">
         <name>setupFlash</name>
         <value>0x110</value>
         <object_component_ref idref="oc-6e"/>
      </symbol>
      <symbol id="sm-2a5">
         <name>setupPLL</name>
         <value>0x68</value>
         <object_component_ref idref="oc-6e"/>
      </symbol>
      <symbol id="sm-2a6">
         <name>getResetSource</name>
         <value>0x508</value>
         <object_component_ref idref="oc-6e"/>
      </symbol>
      <symbol id="sm-2a7">
         <name>mapClocks</name>
         <value>0x140</value>
         <object_component_ref idref="oc-6e"/>
      </symbol>
      <symbol id="sm-2a8">
         <name>systemPowerDown</name>
         <value>0x4c</value>
         <object_component_ref idref="oc-6e"/>
      </symbol>
      <symbol id="sm-2d1">
         <name>__TI_auto_init</name>
         <value>0x1fe8</value>
         <object_component_ref idref="oc-85"/>
      </symbol>
      <symbol id="sm-2e8">
         <name>__TI_decompress_none</name>
         <value>0x2318</value>
         <object_component_ref idref="oc-c"/>
      </symbol>
      <symbol id="sm-30e">
         <name>__TI_decompress_rle24</name>
         <value>0x232c</value>
         <object_component_ref idref="oc-12"/>
      </symbol>
      <symbol id="sm-329">
         <name>copy_in</name>
         <value>0x224c</value>
         <object_component_ref idref="oc-e9"/>
      </symbol>
      <symbol id="sm-34a">
         <name>C$$EXIT</name>
         <value>0x21bc</value>
         <object_component_ref idref="oc-91"/>
      </symbol>
      <symbol id="sm-34b">
         <name>abort</name>
         <value>0x21c4</value>
         <object_component_ref idref="oc-91"/>
      </symbol>
      <symbol id="sm-34c">
         <name>exit</name>
         <value>0x21d0</value>
         <object_component_ref idref="oc-91"/>
      </symbol>
      <symbol id="sm-34d">
         <name>__TI_dtors_ptr</name>
         <value>0x8001504</value>
         <object_component_ref idref="oc-f8"/>
      </symbol>
      <symbol id="sm-34e">
         <name>__TI_cleanup_ptr</name>
         <value>0x8001500</value>
         <object_component_ref idref="oc-f8"/>
      </symbol>
      <symbol id="sm-34f">
         <name>__TI_enable_exit_profile_output</name>
         <value>0x8001508</value>
         <object_component_ref idref="oc-f8"/>
      </symbol>
      <symbol id="sm-368">
         <name>memcpy</name>
         <value>0x1b5c</value>
         <object_component_ref idref="oc-44"/>
      </symbol>
      <symbol id="sm-369">
         <name>__aeabi_memcpy</name>
         <value>0x1b5c</value>
         <object_component_ref idref="oc-44"/>
      </symbol>
      <symbol id="sm-36a">
         <name>__aeabi_memcpy8</name>
         <value>0x1b5c</value>
         <object_component_ref idref="oc-44"/>
      </symbol>
      <symbol id="sm-36b">
         <name>__aeabi_memcpy4</name>
         <value>0x1b5c</value>
         <object_component_ref idref="oc-44"/>
      </symbol>
      <symbol id="sm-37a">
         <name>__aeabi_memset</name>
         <value>0x1f3c</value>
         <object_component_ref idref="oc-5d"/>
      </symbol>
      <symbol id="sm-37b">
         <name>memset</name>
         <value>0x1f48</value>
         <object_component_ref idref="oc-5d"/>
      </symbol>
      <symbol id="sm-37c">
         <name>__aeabi_memset8</name>
         <value>0x1f3c</value>
         <object_component_ref idref="oc-5d"/>
      </symbol>
      <symbol id="sm-37d">
         <name>__aeabi_memset4</name>
         <value>0x1f3c</value>
         <object_component_ref idref="oc-5d"/>
      </symbol>
      <symbol id="sm-37e">
         <name>__aeabi_memclr8</name>
         <value>0x1f38</value>
         <object_component_ref idref="oc-5d"/>
      </symbol>
      <symbol id="sm-37f">
         <name>__aeabi_memclr4</name>
         <value>0x1f38</value>
         <object_component_ref idref="oc-5d"/>
      </symbol>
      <symbol id="sm-380">
         <name>__aeabi_memclr</name>
         <value>0x1f38</value>
         <object_component_ref idref="oc-5d"/>
      </symbol>
      <symbol id="sm-38a">
         <name>_system_post_cinit</name>
         <value>0x233c</value>
         <object_component_ref idref="oc-ef"/>
      </symbol>
      <symbol id="sm-3a4">
         <name>_nop</name>
         <value>0x230c</value>
         <object_component_ref idref="oc-16c"/>
      </symbol>
      <symbol id="sm-3a5">
         <name>_lock</name>
         <value>0x800150c</value>
         <object_component_ref idref="oc-fb"/>
      </symbol>
      <symbol id="sm-3a6">
         <name>_unlock</name>
         <value>0x8001510</value>
         <object_component_ref idref="oc-fb"/>
      </symbol>
      <symbol id="sm-3a7">
         <name>_register_lock</name>
         <value>0x2300</value>
         <object_component_ref idref="oc-16c"/>
      </symbol>
      <symbol id="sm-3a8">
         <name>_register_unlock</name>
         <value>0x22f4</value>
         <object_component_ref idref="oc-16c"/>
      </symbol>
      <symbol id="sm-3a9">
         <name>__TI_static_base__</name>
         <value>0x0</value>
      </symbol>
      <symbol id="sm-3ac">
         <name>SHT$$INIT_ARRAY$$Base</name>
         <value>0x0</value>
      </symbol>
      <symbol id="sm-3ad">
         <name>SHT$$INIT_ARRAY$$Limit</name>
         <value>0x0</value>
      </symbol>
   </symbol_table>
   <title>Link successful</title>
</link_info>
